

================================================================
== Vivado HLS Report for 'gravity'
================================================================
* Date:           Tue Nov  7 11:50:34 2017

* Version:        2017.1 (Build 1846317 on Fri Apr 14 19:19:38 MDT 2017)
* Project:        astroSim
* Solution:       solution1
* Product family: zynquplus
* Target device:  xczu19eg-ffve1924-3-e-es2


================================================================
== Performance Estimates
================================================================
+ Timing (ns): 
    * Summary: 
    +--------+-------+----------+------------+
    |  Clock | Target| Estimated| Uncertainty|
    +--------+-------+----------+------------+
    |ap_clk  |  10.00|      9.19|        1.25|
    +--------+-------+----------+------------+

+ Latency (clock cycles): 
    * Summary: 
    +-----+-----+-----+-----+---------+
    |  Latency  |  Interval | Pipeline|
    | min | max | min | max |   Type  |
    +-----+-----+-----+-----+---------+
    |   35|   35|   35|   35|   none  |
    +-----+-----+-----+-----+---------+

    + Detail: 
        * Instance: 
        N/A

        * Loop: 
        N/A



================================================================
== Utilization Estimates
================================================================
* Summary: 
+-----------------+---------+-------+---------+--------+-----+
|       Name      | BRAM_18K| DSP48E|    FF   |   LUT  | URAM|
+-----------------+---------+-------+---------+--------+-----+
|DSP              |        -|      -|        -|       -|    -|
|Expression       |        -|      -|        -|       -|    -|
|FIFO             |        -|      -|        -|       -|    -|
|Instance         |        -|    162|    23166|   41040|    -|
|Memory           |        -|      -|        -|       -|    -|
|Multiplexer      |        -|      -|        -|    3360|    -|
|Register         |        -|      -|     6948|       -|    -|
+-----------------+---------+-------+---------+--------+-----+
|Total            |        0|    162|    30114|   44400|    0|
+-----------------+---------+-------+---------+--------+-----+
|Available        |     1968|   1968|  1045440|  522720|  128|
+-----------------+---------+-------+---------+--------+-----+
|Utilization (%)  |        0|      8|        2|       8|    0|
+-----------------+---------+-------+---------+--------+-----+

+ Detail: 
    * Instance: 
    +---------------------------+----------------------+---------+-------+-----+-----+
    |          Instance         |        Module        | BRAM_18K| DSP48E|  FF | LUT |
    +---------------------------+----------------------+---------+-------+-----+-----+
    |astroSim_dadd_64nibs_U453  |astroSim_dadd_64nibs  |        0|      3|  429|  760|
    |astroSim_dadd_64nibs_U454  |astroSim_dadd_64nibs  |        0|      3|  429|  760|
    |astroSim_dadd_64nibs_U455  |astroSim_dadd_64nibs  |        0|      3|  429|  760|
    |astroSim_dadd_64nibs_U459  |astroSim_dadd_64nibs  |        0|      3|  429|  760|
    |astroSim_dadd_64nibs_U460  |astroSim_dadd_64nibs  |        0|      3|  429|  760|
    |astroSim_dadd_64nibs_U461  |astroSim_dadd_64nibs  |        0|      3|  429|  760|
    |astroSim_dadd_64nibs_U465  |astroSim_dadd_64nibs  |        0|      3|  429|  760|
    |astroSim_dadd_64nibs_U466  |astroSim_dadd_64nibs  |        0|      3|  429|  760|
    |astroSim_dadd_64nibs_U467  |astroSim_dadd_64nibs  |        0|      3|  429|  760|
    |astroSim_dadd_64nibs_U471  |astroSim_dadd_64nibs  |        0|      3|  429|  760|
    |astroSim_dadd_64nibs_U472  |astroSim_dadd_64nibs  |        0|      3|  429|  760|
    |astroSim_dadd_64nibs_U473  |astroSim_dadd_64nibs  |        0|      3|  429|  760|
    |astroSim_dadddsubg8j_U423  |astroSim_dadddsubg8j  |        0|      3|  429|  760|
    |astroSim_dadddsubg8j_U424  |astroSim_dadddsubg8j  |        0|      3|  429|  760|
    |astroSim_dadddsubg8j_U425  |astroSim_dadddsubg8j  |        0|      3|  429|  760|
    |astroSim_dadddsubg8j_U426  |astroSim_dadddsubg8j  |        0|      3|  429|  760|
    |astroSim_dadddsubg8j_U427  |astroSim_dadddsubg8j  |        0|      3|  429|  760|
    |astroSim_dadddsubg8j_U428  |astroSim_dadddsubg8j  |        0|      3|  429|  760|
    |astroSim_dadddsubg8j_U429  |astroSim_dadddsubg8j  |        0|      3|  429|  760|
    |astroSim_dadddsubg8j_U430  |astroSim_dadddsubg8j  |        0|      3|  429|  760|
    |astroSim_dadddsubg8j_U431  |astroSim_dadddsubg8j  |        0|      3|  429|  760|
    |astroSim_dadddsubg8j_U432  |astroSim_dadddsubg8j  |        0|      3|  429|  760|
    |astroSim_dadddsubg8j_U433  |astroSim_dadddsubg8j  |        0|      3|  429|  760|
    |astroSim_dadddsubg8j_U434  |astroSim_dadddsubg8j  |        0|      3|  429|  760|
    |astroSim_dadddsubg8j_U435  |astroSim_dadddsubg8j  |        0|      3|  429|  760|
    |astroSim_dadddsubg8j_U436  |astroSim_dadddsubg8j  |        0|      3|  429|  760|
    |astroSim_dadddsubg8j_U437  |astroSim_dadddsubg8j  |        0|      3|  429|  760|
    |astroSim_dadddsubg8j_U438  |astroSim_dadddsubg8j  |        0|      3|  429|  760|
    |astroSim_dadddsubg8j_U439  |astroSim_dadddsubg8j  |        0|      3|  429|  760|
    |astroSim_dadddsubg8j_U440  |astroSim_dadddsubg8j  |        0|      3|  429|  760|
    |astroSim_dadddsubg8j_U441  |astroSim_dadddsubg8j  |        0|      3|  429|  760|
    |astroSim_dadddsubg8j_U442  |astroSim_dadddsubg8j  |        0|      3|  429|  760|
    |astroSim_dadddsubg8j_U443  |astroSim_dadddsubg8j  |        0|      3|  429|  760|
    |astroSim_dadddsubg8j_U444  |astroSim_dadddsubg8j  |        0|      3|  429|  760|
    |astroSim_dadddsubg8j_U445  |astroSim_dadddsubg8j  |        0|      3|  429|  760|
    |astroSim_dadddsubg8j_U446  |astroSim_dadddsubg8j  |        0|      3|  429|  760|
    |astroSim_dadddsubg8j_U447  |astroSim_dadddsubg8j  |        0|      3|  429|  760|
    |astroSim_dadddsubg8j_U448  |astroSim_dadddsubg8j  |        0|      3|  429|  760|
    |astroSim_dadddsubg8j_U449  |astroSim_dadddsubg8j  |        0|      3|  429|  760|
    |astroSim_dsub_64nhbi_U450  |astroSim_dsub_64nhbi  |        0|      3|  429|  760|
    |astroSim_dsub_64nhbi_U451  |astroSim_dsub_64nhbi  |        0|      3|  429|  760|
    |astroSim_dsub_64nhbi_U452  |astroSim_dsub_64nhbi  |        0|      3|  429|  760|
    |astroSim_dsub_64nhbi_U456  |astroSim_dsub_64nhbi  |        0|      3|  429|  760|
    |astroSim_dsub_64nhbi_U457  |astroSim_dsub_64nhbi  |        0|      3|  429|  760|
    |astroSim_dsub_64nhbi_U458  |astroSim_dsub_64nhbi  |        0|      3|  429|  760|
    |astroSim_dsub_64nhbi_U462  |astroSim_dsub_64nhbi  |        0|      3|  429|  760|
    |astroSim_dsub_64nhbi_U463  |astroSim_dsub_64nhbi  |        0|      3|  429|  760|
    |astroSim_dsub_64nhbi_U464  |astroSim_dsub_64nhbi  |        0|      3|  429|  760|
    |astroSim_dsub_64nhbi_U468  |astroSim_dsub_64nhbi  |        0|      3|  429|  760|
    |astroSim_dsub_64nhbi_U469  |astroSim_dsub_64nhbi  |        0|      3|  429|  760|
    |astroSim_dsub_64nhbi_U470  |astroSim_dsub_64nhbi  |        0|      3|  429|  760|
    |astroSim_dsub_64nhbi_U474  |astroSim_dsub_64nhbi  |        0|      3|  429|  760|
    |astroSim_dsub_64nhbi_U475  |astroSim_dsub_64nhbi  |        0|      3|  429|  760|
    |astroSim_dsub_64nhbi_U476  |astroSim_dsub_64nhbi  |        0|      3|  429|  760|
    +---------------------------+----------------------+---------+-------+-----+-----+
    |Total                      |                      |        0|    162|23166|41040|
    +---------------------------+----------------------+---------+-------+-----+-----+

    * DSP48: 
    N/A

    * Memory: 
    N/A

    * FIFO: 
    N/A

    * Expression: 
    N/A

    * Multiplexer: 
    +-------------------+-----+-----------+-----+-----------+
    |        Name       | LUT | Input Size| Bits| Total Bits|
    +-------------------+-----+-----------+-----+-----------+
    |ap_NS_fsm          |  165|         37|    1|         37|
    |ap_return_0        |    9|          2|   64|        128|
    |ap_return_1        |    9|          2|   64|        128|
    |ap_return_10       |    9|          2|   64|        128|
    |ap_return_11       |    9|          2|   64|        128|
    |ap_return_12       |    9|          2|   64|        128|
    |ap_return_13       |    9|          2|   64|        128|
    |ap_return_14       |    9|          2|   64|        128|
    |ap_return_15       |    9|          2|   64|        128|
    |ap_return_16       |    9|          2|   64|        128|
    |ap_return_17       |    9|          2|   64|        128|
    |ap_return_18       |    9|          2|   64|        128|
    |ap_return_19       |    9|          2|   64|        128|
    |ap_return_2        |    9|          2|   64|        128|
    |ap_return_20       |    9|          2|   64|        128|
    |ap_return_21       |    9|          2|   64|        128|
    |ap_return_22       |    9|          2|   64|        128|
    |ap_return_23       |    9|          2|   64|        128|
    |ap_return_24       |    9|          2|   64|        128|
    |ap_return_25       |    9|          2|   64|        128|
    |ap_return_26       |    9|          2|   64|        128|
    |ap_return_3        |    9|          2|   64|        128|
    |ap_return_4        |    9|          2|   64|        128|
    |ap_return_5        |    9|          2|   64|        128|
    |ap_return_6        |    9|          2|   64|        128|
    |ap_return_7        |    9|          2|   64|        128|
    |ap_return_8        |    9|          2|   64|        128|
    |ap_return_9        |    9|          2|   64|        128|
    |grp_fu_222_opcode  |   15|          3|    2|          6|
    |grp_fu_222_p0      |   15|          3|   64|        192|
    |grp_fu_222_p1      |   21|          4|   64|        256|
    |grp_fu_228_opcode  |   15|          3|    2|          6|
    |grp_fu_228_p0      |   15|          3|   64|        192|
    |grp_fu_228_p1      |   21|          4|   64|        256|
    |grp_fu_234_opcode  |   15|          3|    2|          6|
    |grp_fu_234_p0      |   15|          3|   64|        192|
    |grp_fu_234_p1      |   21|          4|   64|        256|
    |grp_fu_240_opcode  |   15|          3|    2|          6|
    |grp_fu_240_p0      |   21|          4|   64|        256|
    |grp_fu_240_p1      |   47|         10|   64|        640|
    |grp_fu_246_opcode  |   15|          3|    2|          6|
    |grp_fu_246_p0      |   21|          4|   64|        256|
    |grp_fu_246_p1      |   47|         10|   64|        640|
    |grp_fu_252_opcode  |   15|          3|    2|          6|
    |grp_fu_252_p0      |   21|          4|   64|        256|
    |grp_fu_252_p1      |   47|         10|   64|        640|
    |grp_fu_258_opcode  |   15|          3|    2|          6|
    |grp_fu_258_p0      |   27|          5|   64|        320|
    |grp_fu_258_p1      |   27|          5|   64|        320|
    |grp_fu_264_opcode  |   15|          3|    2|          6|
    |grp_fu_264_p0      |   27|          5|   64|        320|
    |grp_fu_264_p1      |   27|          5|   64|        320|
    |grp_fu_270_opcode  |   15|          3|    2|          6|
    |grp_fu_270_p0      |   27|          5|   64|        320|
    |grp_fu_270_p1      |   27|          5|   64|        320|
    |grp_fu_276_opcode  |   15|          3|    2|          6|
    |grp_fu_276_p0      |   21|          4|   64|        256|
    |grp_fu_276_p1      |   47|         10|   64|        640|
    |grp_fu_282_opcode  |   15|          3|    2|          6|
    |grp_fu_282_p0      |   21|          4|   64|        256|
    |grp_fu_282_p1      |   47|         10|   64|        640|
    |grp_fu_288_opcode  |   15|          3|    2|          6|
    |grp_fu_288_p0      |   21|          4|   64|        256|
    |grp_fu_288_p1      |   47|         10|   64|        640|
    |grp_fu_294_opcode  |   15|          3|    2|          6|
    |grp_fu_294_p0      |   27|          5|   64|        320|
    |grp_fu_294_p1      |   27|          5|   64|        320|
    |grp_fu_300_opcode  |   15|          3|    2|          6|
    |grp_fu_300_p0      |   27|          5|   64|        320|
    |grp_fu_300_p1      |   27|          5|   64|        320|
    |grp_fu_306_opcode  |   15|          3|    2|          6|
    |grp_fu_306_p0      |   27|          5|   64|        320|
    |grp_fu_306_p1      |   27|          5|   64|        320|
    |grp_fu_312_opcode  |   15|          3|    2|          6|
    |grp_fu_312_p0      |   21|          4|   64|        256|
    |grp_fu_312_p1      |   47|         10|   64|        640|
    |grp_fu_318_opcode  |   15|          3|    2|          6|
    |grp_fu_318_p0      |   21|          4|   64|        256|
    |grp_fu_318_p1      |   47|         10|   64|        640|
    |grp_fu_324_opcode  |   15|          3|    2|          6|
    |grp_fu_324_p0      |   21|          4|   64|        256|
    |grp_fu_324_p1      |   47|         10|   64|        640|
    |grp_fu_330_opcode  |   15|          3|    2|          6|
    |grp_fu_330_p0      |   27|          5|   64|        320|
    |grp_fu_330_p1      |   27|          5|   64|        320|
    |grp_fu_336_opcode  |   15|          3|    2|          6|
    |grp_fu_336_p0      |   27|          5|   64|        320|
    |grp_fu_336_p1      |   27|          5|   64|        320|
    |grp_fu_342_opcode  |   15|          3|    2|          6|
    |grp_fu_342_p0      |   27|          5|   64|        320|
    |grp_fu_342_p1      |   27|          5|   64|        320|
    |grp_fu_348_opcode  |   15|          3|    2|          6|
    |grp_fu_348_p0      |   21|          4|   64|        256|
    |grp_fu_348_p1      |   47|         10|   64|        640|
    |grp_fu_354_opcode  |   15|          3|    2|          6|
    |grp_fu_354_p0      |   21|          4|   64|        256|
    |grp_fu_354_p1      |   47|         10|   64|        640|
    |grp_fu_360_opcode  |   15|          3|    2|          6|
    |grp_fu_360_p0      |   21|          4|   64|        256|
    |grp_fu_360_p1      |   47|         10|   64|        640|
    |grp_fu_366_opcode  |   15|          3|    2|          6|
    |grp_fu_366_p0      |   27|          5|   64|        320|
    |grp_fu_366_p1      |   27|          5|   64|        320|
    |grp_fu_372_opcode  |   15|          3|    2|          6|
    |grp_fu_372_p0      |   27|          5|   64|        320|
    |grp_fu_372_p1      |   27|          5|   64|        320|
    |grp_fu_378_opcode  |   15|          3|    2|          6|
    |grp_fu_378_p0      |   27|          5|   64|        320|
    |grp_fu_378_p1      |   27|          5|   64|        320|
    |grp_fu_399_p1      |   41|          8|   64|        512|
    |grp_fu_403_p1      |   41|          8|   64|        512|
    |grp_fu_407_p1      |   41|          8|   64|        512|
    |grp_fu_411_p0      |   15|          3|   64|        192|
    |grp_fu_411_p1      |   15|          3|   64|        192|
    |grp_fu_416_p0      |   15|          3|   64|        192|
    |grp_fu_416_p1      |   15|          3|   64|        192|
    |grp_fu_421_p0      |   15|          3|   64|        192|
    |grp_fu_421_p1      |   15|          3|   64|        192|
    |grp_fu_426_p1      |   41|          8|   64|        512|
    |grp_fu_430_p1      |   41|          8|   64|        512|
    |grp_fu_434_p1      |   41|          8|   64|        512|
    |grp_fu_438_p0      |   15|          3|   64|        192|
    |grp_fu_438_p1      |   15|          3|   64|        192|
    |grp_fu_443_p0      |   15|          3|   64|        192|
    |grp_fu_443_p1      |   15|          3|   64|        192|
    |grp_fu_448_p0      |   15|          3|   64|        192|
    |grp_fu_448_p1      |   15|          3|   64|        192|
    |grp_fu_453_p1      |   41|          8|   64|        512|
    |grp_fu_457_p1      |   41|          8|   64|        512|
    |grp_fu_461_p1      |   41|          8|   64|        512|
    |grp_fu_465_p0      |   15|          3|   64|        192|
    |grp_fu_465_p1      |   15|          3|   64|        192|
    |grp_fu_470_p0      |   15|          3|   64|        192|
    |grp_fu_470_p1      |   15|          3|   64|        192|
    |grp_fu_475_p0      |   15|          3|   64|        192|
    |grp_fu_475_p1      |   15|          3|   64|        192|
    |grp_fu_480_p1      |   41|          8|   64|        512|
    |grp_fu_484_p1      |   41|          8|   64|        512|
    |grp_fu_488_p1      |   41|          8|   64|        512|
    |grp_fu_492_p0      |   15|          3|   64|        192|
    |grp_fu_492_p1      |   15|          3|   64|        192|
    |grp_fu_497_p0      |   15|          3|   64|        192|
    |grp_fu_497_p1      |   15|          3|   64|        192|
    |grp_fu_502_p0      |   15|          3|   64|        192|
    |grp_fu_502_p1      |   15|          3|   64|        192|
    |grp_fu_507_p1      |   41|          8|   64|        512|
    |grp_fu_511_p1      |   41|          8|   64|        512|
    |grp_fu_515_p1      |   41|          8|   64|        512|
    +-------------------+-----+-----------+-----+-----------+
    |Total              | 3360|        673| 7735|      35719|
    +-------------------+-----+-----------+-----+-----------+

    * Register: 
    +-----------------------+----+----+-----+-----------+
    |          Name         | FF | LUT| Bits| Const Bits|
    +-----------------------+----+----+-----+-----------+
    |ap_CS_fsm              |  36|   0|   36|          0|
    |ap_return_0_preg       |  64|   0|   64|          0|
    |ap_return_10_preg      |  64|   0|   64|          0|
    |ap_return_11_preg      |  64|   0|   64|          0|
    |ap_return_12_preg      |  64|   0|   64|          0|
    |ap_return_13_preg      |  64|   0|   64|          0|
    |ap_return_14_preg      |  64|   0|   64|          0|
    |ap_return_15_preg      |  64|   0|   64|          0|
    |ap_return_16_preg      |  64|   0|   64|          0|
    |ap_return_17_preg      |  64|   0|   64|          0|
    |ap_return_18_preg      |  64|   0|   64|          0|
    |ap_return_19_preg      |  64|   0|   64|          0|
    |ap_return_1_preg       |  64|   0|   64|          0|
    |ap_return_20_preg      |  64|   0|   64|          0|
    |ap_return_21_preg      |  64|   0|   64|          0|
    |ap_return_22_preg      |  64|   0|   64|          0|
    |ap_return_23_preg      |  64|   0|   64|          0|
    |ap_return_24_preg      |  64|   0|   64|          0|
    |ap_return_25_preg      |  64|   0|   64|          0|
    |ap_return_26_preg      |  64|   0|   64|          0|
    |ap_return_2_preg       |  64|   0|   64|          0|
    |ap_return_3_preg       |  64|   0|   64|          0|
    |ap_return_4_preg       |  64|   0|   64|          0|
    |ap_return_5_preg       |  64|   0|   64|          0|
    |ap_return_6_preg       |  64|   0|   64|          0|
    |ap_return_7_preg       |  64|   0|   64|          0|
    |ap_return_8_preg       |  64|   0|   64|          0|
    |ap_return_9_preg       |  64|   0|   64|          0|
    |p_0_x_read_3_reg_1387  |  64|   0|   64|          0|
    |p_0_y_read_3_reg_1261  |  64|   0|   64|          0|
    |p_0_z_read_3_reg_1135  |  64|   0|   64|          0|
    |p_1_x_read_3_reg_1373  |  64|   0|   64|          0|
    |p_1_y_read11_reg_1247  |  64|   0|   64|          0|
    |p_1_z_read_3_reg_1121  |  64|   0|   64|          0|
    |p_2_x_read_3_reg_1359  |  64|   0|   64|          0|
    |p_2_y_read12_reg_1233  |  64|   0|   64|          0|
    |p_2_z_read21_reg_1107  |  64|   0|   64|          0|
    |p_3_x_read_3_reg_1345  |  64|   0|   64|          0|
    |p_3_y_read_3_reg_1219  |  64|   0|   64|          0|
    |p_3_z_read22_reg_1093  |  64|   0|   64|          0|
    |p_4_x_read_3_reg_1331  |  64|   0|   64|          0|
    |p_4_y_read_3_reg_1205  |  64|   0|   64|          0|
    |p_4_z_read_3_reg_1079  |  64|   0|   64|          0|
    |p_5_x_read_3_reg_1317  |  64|   0|   64|          0|
    |p_5_y_read_3_reg_1191  |  64|   0|   64|          0|
    |p_5_z_read_3_reg_1065  |  64|   0|   64|          0|
    |p_6_x_read_2_reg_1303  |  64|   0|   64|          0|
    |p_6_y_read_3_reg_1177  |  64|   0|   64|          0|
    |p_6_z_read_3_reg_1051  |  64|   0|   64|          0|
    |p_7_x_read_3_reg_1289  |  64|   0|   64|          0|
    |p_7_y_read_2_reg_1163  |  64|   0|   64|          0|
    |p_7_z_read_3_reg_1037  |  64|   0|   64|          0|
    |p_8_x_read_3_reg_1275  |  64|   0|   64|          0|
    |p_8_y_read_3_reg_1149  |  64|   0|   64|          0|
    |p_8_z_read_2_reg_1023  |  64|   0|   64|          0|
    |reg_519                |  64|   0|   64|          0|
    |reg_524                |  64|   0|   64|          0|
    |reg_529                |  64|   0|   64|          0|
    |reg_534                |  64|   0|   64|          0|
    |reg_540                |  64|   0|   64|          0|
    |reg_546                |  64|   0|   64|          0|
    |reg_552                |  64|   0|   64|          0|
    |reg_559                |  64|   0|   64|          0|
    |reg_566                |  64|   0|   64|          0|
    |reg_573                |  64|   0|   64|          0|
    |reg_580                |  64|   0|   64|          0|
    |reg_587                |  64|   0|   64|          0|
    |reg_594                |  64|   0|   64|          0|
    |reg_601                |  64|   0|   64|          0|
    |reg_608                |  64|   0|   64|          0|
    |reg_615                |  64|   0|   64|          0|
    |reg_622                |  64|   0|   64|          0|
    |reg_629                |  64|   0|   64|          0|
    |reg_636                |  64|   0|   64|          0|
    |reg_643                |  64|   0|   64|          0|
    |reg_650                |  64|   0|   64|          0|
    |reg_657                |  64|   0|   64|          0|
    |reg_664                |  64|   0|   64|          0|
    |reg_671                |  64|   0|   64|          0|
    |reg_678                |  64|   0|   64|          0|
    |reg_685                |  64|   0|   64|          0|
    |reg_692                |  64|   0|   64|          0|
    |reg_699                |  64|   0|   64|          0|
    |reg_705                |  64|   0|   64|          0|
    |reg_711                |  64|   0|   64|          0|
    |reg_717                |  64|   0|   64|          0|
    |reg_723                |  64|   0|   64|          0|
    |reg_729                |  64|   0|   64|          0|
    |reg_735                |  64|   0|   64|          0|
    |reg_741                |  64|   0|   64|          0|
    |reg_747                |  64|   0|   64|          0|
    |reg_753                |  64|   0|   64|          0|
    |reg_759                |  64|   0|   64|          0|
    |reg_765                |  64|   0|   64|          0|
    |reg_771                |  64|   0|   64|          0|
    |reg_777                |  64|   0|   64|          0|
    |reg_783                |  64|   0|   64|          0|
    |reg_789                |  64|   0|   64|          0|
    |reg_795                |  64|   0|   64|          0|
    |reg_801                |  64|   0|   64|          0|
    |reg_807                |  64|   0|   64|          0|
    |reg_813                |  64|   0|   64|          0|
    |reg_819                |  64|   0|   64|          0|
    |reg_825                |  64|   0|   64|          0|
    |reg_831                |  64|   0|   64|          0|
    |reg_837                |  64|   0|   64|          0|
    |reg_843                |  64|   0|   64|          0|
    |reg_849                |  64|   0|   64|          0|
    |reg_855                |  64|   0|   64|          0|
    +-----------------------+----+----+-----+-----------+
    |Total                  |6948|   0| 6948|          0|
    +-----------------------+----+----+-----+-----------+



================================================================
== Interface
================================================================
* Summary: 
+--------------+-----+-----+------------+--------------+--------------+
|   RTL Ports  | Dir | Bits|  Protocol  | Source Object|    C Type    |
+--------------+-----+-----+------------+--------------+--------------+
|ap_clk        |  in |    1| ap_ctrl_hs |    gravity   | return value |
|ap_rst        |  in |    1| ap_ctrl_hs |    gravity   | return value |
|ap_start      |  in |    1| ap_ctrl_hs |    gravity   | return value |
|ap_done       | out |    1| ap_ctrl_hs |    gravity   | return value |
|ap_idle       | out |    1| ap_ctrl_hs |    gravity   | return value |
|ap_ready      | out |    1| ap_ctrl_hs |    gravity   | return value |
|ap_return_0   | out |   64| ap_ctrl_hs |    gravity   | return value |
|ap_return_1   | out |   64| ap_ctrl_hs |    gravity   | return value |
|ap_return_2   | out |   64| ap_ctrl_hs |    gravity   | return value |
|ap_return_3   | out |   64| ap_ctrl_hs |    gravity   | return value |
|ap_return_4   | out |   64| ap_ctrl_hs |    gravity   | return value |
|ap_return_5   | out |   64| ap_ctrl_hs |    gravity   | return value |
|ap_return_6   | out |   64| ap_ctrl_hs |    gravity   | return value |
|ap_return_7   | out |   64| ap_ctrl_hs |    gravity   | return value |
|ap_return_8   | out |   64| ap_ctrl_hs |    gravity   | return value |
|ap_return_9   | out |   64| ap_ctrl_hs |    gravity   | return value |
|ap_return_10  | out |   64| ap_ctrl_hs |    gravity   | return value |
|ap_return_11  | out |   64| ap_ctrl_hs |    gravity   | return value |
|ap_return_12  | out |   64| ap_ctrl_hs |    gravity   | return value |
|ap_return_13  | out |   64| ap_ctrl_hs |    gravity   | return value |
|ap_return_14  | out |   64| ap_ctrl_hs |    gravity   | return value |
|ap_return_15  | out |   64| ap_ctrl_hs |    gravity   | return value |
|ap_return_16  | out |   64| ap_ctrl_hs |    gravity   | return value |
|ap_return_17  | out |   64| ap_ctrl_hs |    gravity   | return value |
|ap_return_18  | out |   64| ap_ctrl_hs |    gravity   | return value |
|ap_return_19  | out |   64| ap_ctrl_hs |    gravity   | return value |
|ap_return_20  | out |   64| ap_ctrl_hs |    gravity   | return value |
|ap_return_21  | out |   64| ap_ctrl_hs |    gravity   | return value |
|ap_return_22  | out |   64| ap_ctrl_hs |    gravity   | return value |
|ap_return_23  | out |   64| ap_ctrl_hs |    gravity   | return value |
|ap_return_24  | out |   64| ap_ctrl_hs |    gravity   | return value |
|ap_return_25  | out |   64| ap_ctrl_hs |    gravity   | return value |
|ap_return_26  | out |   64| ap_ctrl_hs |    gravity   | return value |
|p_0_x_read    |  in |   64|   ap_none  |  p_0_x_read  |    scalar    |
|p_1_x_read    |  in |   64|   ap_none  |  p_1_x_read  |    scalar    |
|p_2_x_read    |  in |   64|   ap_none  |  p_2_x_read  |    scalar    |
|p_3_x_read    |  in |   64|   ap_none  |  p_3_x_read  |    scalar    |
|p_4_x_read    |  in |   64|   ap_none  |  p_4_x_read  |    scalar    |
|p_5_x_read    |  in |   64|   ap_none  |  p_5_x_read  |    scalar    |
|p_6_x_read    |  in |   64|   ap_none  |  p_6_x_read  |    scalar    |
|p_7_x_read    |  in |   64|   ap_none  |  p_7_x_read  |    scalar    |
|p_8_x_read    |  in |   64|   ap_none  |  p_8_x_read  |    scalar    |
|p_0_y_read    |  in |   64|   ap_none  |  p_0_y_read  |    scalar    |
|p_1_y_read    |  in |   64|   ap_none  |  p_1_y_read  |    scalar    |
|p_2_y_read    |  in |   64|   ap_none  |  p_2_y_read  |    scalar    |
|p_3_y_read    |  in |   64|   ap_none  |  p_3_y_read  |    scalar    |
|p_4_y_read    |  in |   64|   ap_none  |  p_4_y_read  |    scalar    |
|p_5_y_read    |  in |   64|   ap_none  |  p_5_y_read  |    scalar    |
|p_6_y_read    |  in |   64|   ap_none  |  p_6_y_read  |    scalar    |
|p_7_y_read    |  in |   64|   ap_none  |  p_7_y_read  |    scalar    |
|p_8_y_read    |  in |   64|   ap_none  |  p_8_y_read  |    scalar    |
|p_0_z_read    |  in |   64|   ap_none  |  p_0_z_read  |    scalar    |
|p_1_z_read    |  in |   64|   ap_none  |  p_1_z_read  |    scalar    |
|p_2_z_read    |  in |   64|   ap_none  |  p_2_z_read  |    scalar    |
|p_3_z_read    |  in |   64|   ap_none  |  p_3_z_read  |    scalar    |
|p_4_z_read    |  in |   64|   ap_none  |  p_4_z_read  |    scalar    |
|p_5_z_read    |  in |   64|   ap_none  |  p_5_z_read  |    scalar    |
|p_6_z_read    |  in |   64|   ap_none  |  p_6_z_read  |    scalar    |
|p_7_z_read    |  in |   64|   ap_none  |  p_7_z_read  |    scalar    |
|p_8_z_read    |  in |   64|   ap_none  |  p_8_z_read  |    scalar    |
+--------------+-----+-----+------------+--------------+--------------+

