

================================================================
== Vivado HLS Report for 'p_hls_fptosi_double_s'
================================================================
* Date:           Tue Nov  7 10:42:22 2017

* Version:        2017.1 (Build 1846317 on Fri Apr 14 19:19:38 MDT 2017)
* Project:        astroSim
* Solution:       solution1
* Product family: zynquplus
* Target device:  xczu19eg-ffve1924-3-e-es2


================================================================
== Performance Estimates
================================================================
+ Timing (ns): 
    * Summary: 
    +--------+-------+----------+------------+
    |  Clock | Target| Estimated| Uncertainty|
    +--------+-------+----------+------------+
    |ap_clk  |  10.00|      3.98|        1.25|
    +--------+-------+----------+------------+

+ Latency (clock cycles): 
    * Summary: 
    +-----+-----+-----+-----+----------+
    |  Latency  |  Interval | Pipeline |
    | min | max | min | max |   Type   |
    +-----+-----+-----+-----+----------+
    |    0|    0|    1|    1| function |
    +-----+-----+-----+-----+----------+

    + Detail: 
        * Instance: 
        N/A

        * Loop: 
        N/A



================================================================
== Utilization Estimates
================================================================
* Summary: 
+-----------------+---------+-------+---------+--------+-----+
|       Name      | BRAM_18K| DSP48E|    FF   |   LUT  | URAM|
+-----------------+---------+-------+---------+--------+-----+
|DSP              |        -|      -|        -|       -|    -|
|Expression       |        -|      -|      530|    1016|    -|
|FIFO             |        -|      -|        -|       -|    -|
|Instance         |        -|      -|        -|       -|    -|
|Memory           |        -|      -|        -|       -|    -|
|Multiplexer      |        -|      -|        -|       -|    -|
|Register         |        -|      -|        -|       -|    -|
+-----------------+---------+-------+---------+--------+-----+
|Total            |        0|      0|      530|    1016|    0|
+-----------------+---------+-------+---------+--------+-----+
|Available        |     1968|   1968|  1045440|  522720|  128|
+-----------------+---------+-------+---------+--------+-----+
|Utilization (%)  |        0|      0|    ~0   |   ~0   |    0|
+-----------------+---------+-------+---------+--------+-----+

+ Detail: 
    * Instance: 
    N/A

    * DSP48: 
    N/A

    * Memory: 
    N/A

    * FIFO: 
    N/A

    * Expression: 
    +-----------------------+----------+-------+-----+-----+------------+------------+
    |     Variable Name     | Operation| DSP48E|  FF | LUT | Bitwidth P0| Bitwidth P1|
    +-----------------------+----------+-------+-----+-----+------------+------------+
    |sh_assign_fu_88_p2     |     +    |      0|    0|   19|          11|          12|
    |tmp_1_i_i_fu_102_p2    |     -    |      0|    0|   18|          10|          11|
    |tmp_9_i_i_fu_178_p2    |     -    |      0|    0|   71|           1|          64|
    |tmp_3_i_i_fu_132_p2    |   lshr   |      0|  151|  167|          54|          54|
    |ap_return              |  select  |      0|    0|   64|           1|          64|
    |p_Val2_2_fu_166_p3     |  select  |      0|    0|   63|           1|          63|
    |sh_assign_1_fu_112_p3  |  select  |      0|    0|   12|           1|          12|
    |tmp_4_i_i_fu_138_p2    |    shl   |      0|  379|  602|         169|         169|
    +-----------------------+----------+-------+-----+-----+------------+------------+
    |Total                  |          |      0|  530| 1016|         248|         449|
    +-----------------------+----------+-------+-----+-----+------------+------------+

    * Multiplexer: 
    N/A

    * Register: 
    N/A



================================================================
== Interface
================================================================
* Summary: 
+-----------+-----+-----+------------+----------------------+--------------+
| RTL Ports | Dir | Bits|  Protocol  |     Source Object    |    C Type    |
+-----------+-----+-----+------------+----------------------+--------------+
|x          |  in |   64|   ap_none  |           x          |    scalar    |
|ap_return  | out |   64| ap_ctrl_hs | __hls_fptosi_double_ | return value |
+-----------+-----+-----+------------+----------------------+--------------+

