

================================================================
== Vivado HLS Report for 'drift'
================================================================
* Date:           Wed Nov  8 16:07:16 2017

* Version:        2017.1 (Build 1846317 on Fri Apr 14 19:19:38 MDT 2017)
* Project:        astroSim
* Solution:       solution1
* Product family: zynquplus
* Target device:  xczu19eg-ffve1924-3-e-es2


================================================================
== Performance Estimates
================================================================
+ Timing (ns): 
    * Summary: 
    +--------+-------+----------+------------+
    |  Clock | Target| Estimated| Uncertainty|
    +--------+-------+----------+------------+
    |ap_clk  |  10.00|      8.69|        1.25|
    +--------+-------+----------+------------+

+ Latency (clock cycles): 
    * Summary: 
    +-----+-----+-----+-----+---------+
    |  Latency  |  Interval | Pipeline|
    | min | max | min | max |   Type  |
    +-----+-----+-----+-----+---------+
    |   12|   12|   12|   12|   none  |
    +-----+-----+-----+-----+---------+

    + Detail: 
        * Instance: 
        N/A

        * Loop: 
        +----------+-----+-----+----------+-----------+-----------+------+----------+
        |          |  Latency  | Iteration|  Initiation Interval  | Trip |          |
        | Loop Name| min | max |  Latency |  achieved |   target  | Count| Pipelined|
        +----------+-----+-----+----------+-----------+-----------+------+----------+
        |- Loop 1  |   10|   10|         9|          1|          1|     3|    yes   |
        +----------+-----+-----+----------+-----------+-----------+------+----------+

============================================================
+ Verbose Summary: Synthesis Manager
============================================================
InlineROM: 1
ExposeGlobal: 0
============================================================
+ Verbose Summary: CDFG Model
============================================================
IsTopModel: 0
ResetActiveHigh: 1
IsCombinational: 0
IsDatapathOnly: 0
HasWiredReturn: 1
HasMFsm: 0
HasVarLatency: 1
IsPipeline: 0
IsRtlPipelined: 0
IsInstanceOverlapped: 0
IsDontTouch: 0
HasImplIP: 0
IsGatedGlobalClock: 0

+ Individual pipeline summary: 
  * Pipeline-0: initiation interval (II) = 1, depth = 9


============================================================
+ Verbose Summary: Schedule
============================================================
* Number of FSM states: 11
* Pipeline: 1
  Pipeline-0: II = 1, D = 9, States = { 2 3 4 5 6 7 8 9 10 }
* Dataflow Pipeline: 0

* FSM state transitions: 
1 --> 
	2  / true
2 --> 
	11  / (tmp)
	3  / (!tmp)
3 --> 
	4  / true
4 --> 
	5  / true
5 --> 
	6  / true
6 --> 
	7  / true
7 --> 
	8  / true
8 --> 
	9  / true
9 --> 
	10  / true
10 --> 
	2  / true
11 --> 
* FSM state operations: 

 <State 1>: 0.60ns
ST_1: p_int_8_vz_read_2 (55)  [1/1] 0.00ns
:0  %p_int_8_vz_read_2 = call i64 @_ssdm_op_Read.ap_auto.i64(i64 %p_int_8_vz_read)

ST_1: p_int_7_vz_read_2 (56)  [1/1] 0.00ns
:1  %p_int_7_vz_read_2 = call i64 @_ssdm_op_Read.ap_auto.i64(i64 %p_int_7_vz_read)

ST_1: p_int_6_vz_read_2 (57)  [1/1] 0.00ns
:2  %p_int_6_vz_read_2 = call i64 @_ssdm_op_Read.ap_auto.i64(i64 %p_int_6_vz_read)

ST_1: p_int_5_vz_read51 (58)  [1/1] 0.00ns
:3  %p_int_5_vz_read51 = call i64 @_ssdm_op_Read.ap_auto.i64(i64 %p_int_5_vz_read)

ST_1: p_int_4_vz_read_2 (59)  [1/1] 0.00ns
:4  %p_int_4_vz_read_2 = call i64 @_ssdm_op_Read.ap_auto.i64(i64 %p_int_4_vz_read)

ST_1: p_int_3_vz_read_2 (60)  [1/1] 0.00ns
:5  %p_int_3_vz_read_2 = call i64 @_ssdm_op_Read.ap_auto.i64(i64 %p_int_3_vz_read)

ST_1: p_int_2_vz_read_2 (61)  [1/1] 0.00ns
:6  %p_int_2_vz_read_2 = call i64 @_ssdm_op_Read.ap_auto.i64(i64 %p_int_2_vz_read)

ST_1: p_int_1_vz_read_2 (62)  [1/1] 0.00ns
:7  %p_int_1_vz_read_2 = call i64 @_ssdm_op_Read.ap_auto.i64(i64 %p_int_1_vz_read)

ST_1: p_int_0_vz_read_2 (63)  [1/1] 0.00ns
:8  %p_int_0_vz_read_2 = call i64 @_ssdm_op_Read.ap_auto.i64(i64 %p_int_0_vz_read)

ST_1: p_int_8_vy_read_2 (64)  [1/1] 0.00ns
:9  %p_int_8_vy_read_2 = call i64 @_ssdm_op_Read.ap_auto.i64(i64 %p_int_8_vy_read)

ST_1: p_int_7_vy_read_2 (65)  [1/1] 0.00ns
:10  %p_int_7_vy_read_2 = call i64 @_ssdm_op_Read.ap_auto.i64(i64 %p_int_7_vy_read)

ST_1: p_int_6_vy_read_2 (66)  [1/1] 0.00ns
:11  %p_int_6_vy_read_2 = call i64 @_ssdm_op_Read.ap_auto.i64(i64 %p_int_6_vy_read)

ST_1: p_int_5_vy_read_2 (67)  [1/1] 0.00ns
:12  %p_int_5_vy_read_2 = call i64 @_ssdm_op_Read.ap_auto.i64(i64 %p_int_5_vy_read)

ST_1: p_int_4_vy_read41 (68)  [1/1] 0.00ns
:13  %p_int_4_vy_read41 = call i64 @_ssdm_op_Read.ap_auto.i64(i64 %p_int_4_vy_read)

ST_1: p_int_3_vy_read_2 (69)  [1/1] 0.00ns
:14  %p_int_3_vy_read_2 = call i64 @_ssdm_op_Read.ap_auto.i64(i64 %p_int_3_vy_read)

ST_1: p_int_2_vy_read_2 (70)  [1/1] 0.00ns
:15  %p_int_2_vy_read_2 = call i64 @_ssdm_op_Read.ap_auto.i64(i64 %p_int_2_vy_read)

ST_1: p_int_1_vy_read_2 (71)  [1/1] 0.00ns
:16  %p_int_1_vy_read_2 = call i64 @_ssdm_op_Read.ap_auto.i64(i64 %p_int_1_vy_read)

ST_1: p_int_0_vy_read_2 (72)  [1/1] 0.00ns
:17  %p_int_0_vy_read_2 = call i64 @_ssdm_op_Read.ap_auto.i64(i64 %p_int_0_vy_read)

ST_1: p_int_8_vx_read_2 (73)  [1/1] 0.00ns
:18  %p_int_8_vx_read_2 = call i64 @_ssdm_op_Read.ap_auto.i64(i64 %p_int_8_vx_read)

ST_1: p_int_7_vx_read_2 (74)  [1/1] 0.00ns
:19  %p_int_7_vx_read_2 = call i64 @_ssdm_op_Read.ap_auto.i64(i64 %p_int_7_vx_read)

ST_1: p_int_6_vx_read_2 (75)  [1/1] 0.00ns
:20  %p_int_6_vx_read_2 = call i64 @_ssdm_op_Read.ap_auto.i64(i64 %p_int_6_vx_read)

ST_1: p_int_5_vx_read_2 (76)  [1/1] 0.00ns
:21  %p_int_5_vx_read_2 = call i64 @_ssdm_op_Read.ap_auto.i64(i64 %p_int_5_vx_read)

ST_1: p_int_4_vx_read_2 (77)  [1/1] 0.00ns
:22  %p_int_4_vx_read_2 = call i64 @_ssdm_op_Read.ap_auto.i64(i64 %p_int_4_vx_read)

ST_1: p_int_3_vx_read31 (78)  [1/1] 0.00ns
:23  %p_int_3_vx_read31 = call i64 @_ssdm_op_Read.ap_auto.i64(i64 %p_int_3_vx_read)

ST_1: p_int_2_vx_read_2 (79)  [1/1] 0.00ns
:24  %p_int_2_vx_read_2 = call i64 @_ssdm_op_Read.ap_auto.i64(i64 %p_int_2_vx_read)

ST_1: p_int_1_vx_read_2 (80)  [1/1] 0.00ns
:25  %p_int_1_vx_read_2 = call i64 @_ssdm_op_Read.ap_auto.i64(i64 %p_int_1_vx_read)

ST_1: p_int_0_vx_read_2 (81)  [1/1] 0.00ns
:26  %p_int_0_vx_read_2 = call i64 @_ssdm_op_Read.ap_auto.i64(i64 %p_int_0_vx_read)

ST_1: p_int_8_z_read_2 (82)  [1/1] 0.00ns
:27  %p_int_8_z_read_2 = call i64 @_ssdm_op_Read.ap_auto.i64(i64 %p_int_8_z_read)

ST_1: p_int_7_z_read_2 (83)  [1/1] 0.00ns
:28  %p_int_7_z_read_2 = call i64 @_ssdm_op_Read.ap_auto.i64(i64 %p_int_7_z_read)

ST_1: p_int_6_z_read_2 (84)  [1/1] 0.00ns
:29  %p_int_6_z_read_2 = call i64 @_ssdm_op_Read.ap_auto.i64(i64 %p_int_6_z_read)

ST_1: p_int_5_z_read_2 (85)  [1/1] 0.00ns
:30  %p_int_5_z_read_2 = call i64 @_ssdm_op_Read.ap_auto.i64(i64 %p_int_5_z_read)

ST_1: p_int_4_z_read_2 (86)  [1/1] 0.00ns
:31  %p_int_4_z_read_2 = call i64 @_ssdm_op_Read.ap_auto.i64(i64 %p_int_4_z_read)

ST_1: p_int_3_z_read_2 (87)  [1/1] 0.00ns
:32  %p_int_3_z_read_2 = call i64 @_ssdm_op_Read.ap_auto.i64(i64 %p_int_3_z_read)

ST_1: p_int_2_z_read21 (88)  [1/1] 0.00ns
:33  %p_int_2_z_read21 = call i64 @_ssdm_op_Read.ap_auto.i64(i64 %p_int_2_z_read)

ST_1: p_int_1_z_read_2 (89)  [1/1] 0.00ns
:34  %p_int_1_z_read_2 = call i64 @_ssdm_op_Read.ap_auto.i64(i64 %p_int_1_z_read)

ST_1: p_int_0_z_read_2 (90)  [1/1] 0.00ns
:35  %p_int_0_z_read_2 = call i64 @_ssdm_op_Read.ap_auto.i64(i64 %p_int_0_z_read)

ST_1: p_int_8_y_read_2 (91)  [1/1] 0.00ns
:36  %p_int_8_y_read_2 = call i64 @_ssdm_op_Read.ap_auto.i64(i64 %p_int_8_y_read)

ST_1: p_int_7_y_read_2 (92)  [1/1] 0.00ns
:37  %p_int_7_y_read_2 = call i64 @_ssdm_op_Read.ap_auto.i64(i64 %p_int_7_y_read)

ST_1: p_int_6_y_read_2 (93)  [1/1] 0.00ns
:38  %p_int_6_y_read_2 = call i64 @_ssdm_op_Read.ap_auto.i64(i64 %p_int_6_y_read)

ST_1: p_int_5_y_read_2 (94)  [1/1] 0.00ns
:39  %p_int_5_y_read_2 = call i64 @_ssdm_op_Read.ap_auto.i64(i64 %p_int_5_y_read)

ST_1: p_int_4_y_read_2 (95)  [1/1] 0.00ns
:40  %p_int_4_y_read_2 = call i64 @_ssdm_op_Read.ap_auto.i64(i64 %p_int_4_y_read)

ST_1: p_int_3_y_read_2 (96)  [1/1] 0.00ns
:41  %p_int_3_y_read_2 = call i64 @_ssdm_op_Read.ap_auto.i64(i64 %p_int_3_y_read)

ST_1: p_int_2_y_read_2 (97)  [1/1] 0.00ns
:42  %p_int_2_y_read_2 = call i64 @_ssdm_op_Read.ap_auto.i64(i64 %p_int_2_y_read)

ST_1: p_int_1_y_read11 (98)  [1/1] 0.00ns
:43  %p_int_1_y_read11 = call i64 @_ssdm_op_Read.ap_auto.i64(i64 %p_int_1_y_read)

ST_1: p_int_0_y_read_2 (99)  [1/1] 0.00ns
:44  %p_int_0_y_read_2 = call i64 @_ssdm_op_Read.ap_auto.i64(i64 %p_int_0_y_read)

ST_1: p_int_8_x_read_2 (100)  [1/1] 0.00ns
:45  %p_int_8_x_read_2 = call i64 @_ssdm_op_Read.ap_auto.i64(i64 %p_int_8_x_read)

ST_1: p_int_7_x_read_2 (101)  [1/1] 0.00ns
:46  %p_int_7_x_read_2 = call i64 @_ssdm_op_Read.ap_auto.i64(i64 %p_int_7_x_read)

ST_1: p_int_6_x_read_2 (102)  [1/1] 0.00ns
:47  %p_int_6_x_read_2 = call i64 @_ssdm_op_Read.ap_auto.i64(i64 %p_int_6_x_read)

ST_1: p_int_5_x_read_2 (103)  [1/1] 0.00ns
:48  %p_int_5_x_read_2 = call i64 @_ssdm_op_Read.ap_auto.i64(i64 %p_int_5_x_read)

ST_1: p_int_4_x_read_2 (104)  [1/1] 0.00ns
:49  %p_int_4_x_read_2 = call i64 @_ssdm_op_Read.ap_auto.i64(i64 %p_int_4_x_read)

ST_1: p_int_3_x_read_2 (105)  [1/1] 0.00ns
:50  %p_int_3_x_read_2 = call i64 @_ssdm_op_Read.ap_auto.i64(i64 %p_int_3_x_read)

ST_1: p_int_2_x_read_2 (106)  [1/1] 0.00ns
:51  %p_int_2_x_read_2 = call i64 @_ssdm_op_Read.ap_auto.i64(i64 %p_int_2_x_read)

ST_1: p_int_1_x_read_2 (107)  [1/1] 0.00ns
:52  %p_int_1_x_read_2 = call i64 @_ssdm_op_Read.ap_auto.i64(i64 %p_int_1_x_read)

ST_1: p_int_0_x_read_2 (108)  [1/1] 0.00ns
:53  %p_int_0_x_read_2 = call i64 @_ssdm_op_Read.ap_auto.i64(i64 %p_int_0_x_read)

ST_1: StgValue_66 (109)  [1/1] 0.60ns  loc: astro.c:94
:54  br label %1


 <State 2>: 8.69ns
ST_2: p_int_x (111)  [1/1] 0.00ns  loc: astro.c:102
:0  %p_int_x = phi i64 [ %p_int_0_x_read_2, %0 ], [ %p_int_x_1, %_ifconv ]

ST_2: p_int_x1 (112)  [1/1] 0.00ns  loc: astro.c:102
:1  %p_int_x1 = phi i64 [ %p_int_1_x_read_2, %0 ], [ %p_int_x12_1, %_ifconv ]

ST_2: p_int_x2 (113)  [1/1] 0.00ns  loc: astro.c:102
:2  %p_int_x2 = phi i64 [ %p_int_2_x_read_2, %0 ], [ %p_int_x2_1, %_ifconv ]

ST_2: p_int_x3 (114)  [1/1] 0.00ns  loc: astro.c:102
:3  %p_int_x3 = phi i64 [ %p_int_3_x_read_2, %0 ], [ %p_int_x3_1, %_ifconv ]

ST_2: p_int_x4 (115)  [1/1] 0.00ns  loc: astro.c:102
:4  %p_int_x4 = phi i64 [ %p_int_4_x_read_2, %0 ], [ %p_int_x4_1, %_ifconv ]

ST_2: p_int_x5 (116)  [1/1] 0.00ns  loc: astro.c:102
:5  %p_int_x5 = phi i64 [ %p_int_5_x_read_2, %0 ], [ %p_int_x5_1, %_ifconv ]

ST_2: p_int_x6 (117)  [1/1] 0.00ns  loc: astro.c:102
:6  %p_int_x6 = phi i64 [ %p_int_6_x_read_2, %0 ], [ %p_int_x6_1, %_ifconv ]

ST_2: p_int_x7 (118)  [1/1] 0.00ns  loc: astro.c:102
:7  %p_int_x7 = phi i64 [ %p_int_7_x_read_2, %0 ], [ %p_int_x7_1, %_ifconv ]

ST_2: p_int_x8 (119)  [1/1] 0.00ns  loc: astro.c:102
:8  %p_int_x8 = phi i64 [ %p_int_8_x_read_2, %0 ], [ %p_int_x8_1, %_ifconv ]

ST_2: p_int_y (120)  [1/1] 0.00ns  loc: astro.c:103
:9  %p_int_y = phi i64 [ %p_int_0_y_read_2, %0 ], [ %p_int_y_1, %_ifconv ]

ST_2: p_int_y9 (121)  [1/1] 0.00ns  loc: astro.c:103
:10  %p_int_y9 = phi i64 [ %p_int_1_y_read11, %0 ], [ %p_int_y9_1, %_ifconv ]

ST_2: p_int_y1 (122)  [1/1] 0.00ns  loc: astro.c:103
:11  %p_int_y1 = phi i64 [ %p_int_2_y_read_2, %0 ], [ %p_int_y10_1, %_ifconv ]

ST_2: p_int_y2 (123)  [1/1] 0.00ns  loc: astro.c:103
:12  %p_int_y2 = phi i64 [ %p_int_3_y_read_2, %0 ], [ %p_int_y1114_1, %_ifconv ]

ST_2: p_int_y3 (124)  [1/1] 0.00ns  loc: astro.c:103
:13  %p_int_y3 = phi i64 [ %p_int_4_y_read_2, %0 ], [ %p_int_y12_1, %_ifconv ]

ST_2: p_int_y4 (125)  [1/1] 0.00ns  loc: astro.c:103
:14  %p_int_y4 = phi i64 [ %p_int_5_y_read_2, %0 ], [ %p_int_y13_1, %_ifconv ]

ST_2: p_int_y5 (126)  [1/1] 0.00ns  loc: astro.c:103
:15  %p_int_y5 = phi i64 [ %p_int_6_y_read_2, %0 ], [ %p_int_y14_1, %_ifconv ]

ST_2: p_int_y6 (127)  [1/1] 0.00ns  loc: astro.c:103
:16  %p_int_y6 = phi i64 [ %p_int_7_y_read_2, %0 ], [ %p_int_y15_1, %_ifconv ]

ST_2: p_int_y7 (128)  [1/1] 0.00ns  loc: astro.c:103
:17  %p_int_y7 = phi i64 [ %p_int_8_y_read_2, %0 ], [ %p_int_y16_1, %_ifconv ]

ST_2: p_int_z (129)  [1/1] 0.00ns  loc: astro.c:104
:18  %p_int_z = phi i64 [ %p_int_0_z_read_2, %0 ], [ %p_int_z_1, %_ifconv ]

ST_2: p_int_z1 (130)  [1/1] 0.00ns  loc: astro.c:104
:19  %p_int_z1 = phi i64 [ %p_int_1_z_read_2, %0 ], [ %p_int_z17_1, %_ifconv ]

ST_2: p_int_z2 (131)  [1/1] 0.00ns  loc: astro.c:104
:20  %p_int_z2 = phi i64 [ %p_int_2_z_read21, %0 ], [ %p_int_z18_1, %_ifconv ]

ST_2: p_int_z3 (132)  [1/1] 0.00ns  loc: astro.c:104
:21  %p_int_z3 = phi i64 [ %p_int_3_z_read_2, %0 ], [ %p_int_z19_1, %_ifconv ]

ST_2: p_int_z4 (133)  [1/1] 0.00ns  loc: astro.c:104
:22  %p_int_z4 = phi i64 [ %p_int_4_z_read_2, %0 ], [ %p_int_z20_1, %_ifconv ]

ST_2: p_int_z5 (134)  [1/1] 0.00ns  loc: astro.c:104
:23  %p_int_z5 = phi i64 [ %p_int_5_z_read_2, %0 ], [ %p_int_z2126_1, %_ifconv ]

ST_2: p_int_z6 (135)  [1/1] 0.00ns  loc: astro.c:104
:24  %p_int_z6 = phi i64 [ %p_int_6_z_read_2, %0 ], [ %p_int_z22_1, %_ifconv ]

ST_2: p_int_z7 (136)  [1/1] 0.00ns  loc: astro.c:104
:25  %p_int_z7 = phi i64 [ %p_int_7_z_read_2, %0 ], [ %p_int_z23_1, %_ifconv ]

ST_2: p_int_z8 (137)  [1/1] 0.00ns  loc: astro.c:104
:26  %p_int_z8 = phi i64 [ %p_int_8_z_read_2, %0 ], [ %p_int_z24_1, %_ifconv ]

ST_2: i (138)  [1/1] 0.00ns  loc: astro.c:94
:27  %i = phi i4 [ 0, %0 ], [ %i_3_2, %_ifconv ]

ST_2: tmp (139)  [1/1] 0.39ns  loc: astro.c:94
:28  %tmp = icmp eq i4 %i, -7

ST_2: StgValue_96 (140)  [1/1] 0.00ns  loc: astro.c:94
:29  br i1 %tmp, label %2, label %_ifconv

ST_2: sel_tmp (145)  [1/1] 0.39ns  loc: astro.c:102
_ifconv:3  %sel_tmp = icmp eq i4 %i, 3

ST_2: sel_tmp1 (146)  [1/1] 0.00ns  loc: astro.c:102 (grouped into LUT with out node p_int_vx_load_0_phi)
_ifconv:4  %sel_tmp1 = select i1 %sel_tmp, i64 %p_int_3_vx_read31, i64 %p_int_6_vx_read_2

ST_2: sel_tmp2 (147)  [1/1] 0.39ns  loc: astro.c:102
_ifconv:5  %sel_tmp2 = icmp eq i4 %i, 0

ST_2: p_int_vx_load_0_phi (148)  [1/1] 0.07ns  loc: astro.c:102 (out node of the LUT)
_ifconv:6  %p_int_vx_load_0_phi = select i1 %sel_tmp2, i64 %p_int_0_vx_read_2, i64 %sel_tmp1

ST_2: tmp_13 (149)  [3/3] 8.22ns  loc: astro.c:102
_ifconv:7  %tmp_13 = sitofp i64 %p_int_vx_load_0_phi to double

ST_2: p_int_vy_load_0_phi (157)  [1/1] 0.46ns  loc: astro.c:103
_ifconv:15  %p_int_vy_load_0_phi = call i64 @_ssdm_op_Mux.ap_auto.16i64.i4(i64 %p_int_0_vy_read_2, i64 %p_int_6_vy_read_2, i64 %p_int_6_vy_read_2, i64 %p_int_3_vy_read_2, i64 %p_int_6_vy_read_2, i64 %p_int_6_vy_read_2, i64 %p_int_6_vy_read_2, i64 %p_int_6_vy_read_2, i64 %p_int_6_vy_read_2, i64 %p_int_6_vy_read_2, i64 %p_int_6_vy_read_2, i64 %p_int_6_vy_read_2, i64 %p_int_6_vy_read_2, i64 %p_int_6_vy_read_2, i64 %p_int_6_vy_read_2, i64 %p_int_6_vy_read_2, i4 %i)

ST_2: tmp_17 (158)  [3/3] 8.22ns  loc: astro.c:103
_ifconv:16  %tmp_17 = sitofp i64 %p_int_vy_load_0_phi to double

ST_2: p_int_vz_load_0_phi (166)  [1/1] 0.46ns  loc: astro.c:104
_ifconv:24  %p_int_vz_load_0_phi = call i64 @_ssdm_op_Mux.ap_auto.16i64.i4(i64 %p_int_0_vz_read_2, i64 %p_int_6_vz_read_2, i64 %p_int_6_vz_read_2, i64 %p_int_3_vz_read_2, i64 %p_int_6_vz_read_2, i64 %p_int_6_vz_read_2, i64 %p_int_6_vz_read_2, i64 %p_int_6_vz_read_2, i64 %p_int_6_vz_read_2, i64 %p_int_6_vz_read_2, i64 %p_int_6_vz_read_2, i64 %p_int_6_vz_read_2, i64 %p_int_6_vz_read_2, i64 %p_int_6_vz_read_2, i64 %p_int_6_vz_read_2, i64 %p_int_6_vz_read_2, i4 %i)

ST_2: tmp_21 (167)  [3/3] 8.22ns  loc: astro.c:104
_ifconv:25  %tmp_21 = sitofp i64 %p_int_vz_load_0_phi to double

ST_2: i_3_0_t (176)  [1/1] 1.03ns  loc: astro.c:94
_ifconv:34  %i_3_0_t = add i4 %i, 1

ST_2: i_3_1_t (204)  [1/1] 1.03ns  loc: astro.c:94
_ifconv:62  %i_3_1_t = add i4 %i, 2

ST_2: i_3_2 (232)  [1/1] 1.03ns  loc: astro.c:94
_ifconv:90  %i_3_2 = add i4 %i, 3


 <State 3>: 8.68ns
ST_3: tmp_13 (149)  [2/3] 8.22ns  loc: astro.c:102
_ifconv:7  %tmp_13 = sitofp i64 %p_int_vx_load_0_phi to double

ST_3: tmp_17 (158)  [2/3] 8.22ns  loc: astro.c:103
_ifconv:16  %tmp_17 = sitofp i64 %p_int_vy_load_0_phi to double

ST_3: tmp_21 (167)  [2/3] 8.22ns  loc: astro.c:104
_ifconv:25  %tmp_21 = sitofp i64 %p_int_vz_load_0_phi to double

ST_3: p_int_vx_load_1_phi (177)  [1/1] 0.46ns  loc: astro.c:102
_ifconv:35  %p_int_vx_load_1_phi = call i64 @_ssdm_op_Mux.ap_auto.16i64.i4(i64 %p_int_7_vx_read_2, i64 %p_int_1_vx_read_2, i64 %p_int_7_vx_read_2, i64 %p_int_7_vx_read_2, i64 %p_int_4_vx_read_2, i64 %p_int_7_vx_read_2, i64 %p_int_7_vx_read_2, i64 %p_int_7_vx_read_2, i64 %p_int_7_vx_read_2, i64 %p_int_7_vx_read_2, i64 %p_int_7_vx_read_2, i64 %p_int_7_vx_read_2, i64 %p_int_7_vx_read_2, i64 %p_int_7_vx_read_2, i64 %p_int_7_vx_read_2, i64 %p_int_7_vx_read_2, i4 %i_3_0_t)

ST_3: tmp_47_1 (178)  [3/3] 8.22ns  loc: astro.c:102
_ifconv:36  %tmp_47_1 = sitofp i64 %p_int_vx_load_1_phi to double

ST_3: p_int_vy_load_1_phi (186)  [1/1] 0.46ns  loc: astro.c:103
_ifconv:44  %p_int_vy_load_1_phi = call i64 @_ssdm_op_Mux.ap_auto.16i64.i4(i64 %p_int_7_vy_read_2, i64 %p_int_1_vy_read_2, i64 %p_int_7_vy_read_2, i64 %p_int_7_vy_read_2, i64 %p_int_4_vy_read41, i64 %p_int_7_vy_read_2, i64 %p_int_7_vy_read_2, i64 %p_int_7_vy_read_2, i64 %p_int_7_vy_read_2, i64 %p_int_7_vy_read_2, i64 %p_int_7_vy_read_2, i64 %p_int_7_vy_read_2, i64 %p_int_7_vy_read_2, i64 %p_int_7_vy_read_2, i64 %p_int_7_vy_read_2, i64 %p_int_7_vy_read_2, i4 %i_3_0_t)

ST_3: tmp_51_1 (187)  [3/3] 8.22ns  loc: astro.c:103
_ifconv:45  %tmp_51_1 = sitofp i64 %p_int_vy_load_1_phi to double

ST_3: p_int_vz_load_1_phi (195)  [1/1] 0.46ns  loc: astro.c:104
_ifconv:53  %p_int_vz_load_1_phi = call i64 @_ssdm_op_Mux.ap_auto.16i64.i4(i64 %p_int_7_vz_read_2, i64 %p_int_1_vz_read_2, i64 %p_int_7_vz_read_2, i64 %p_int_7_vz_read_2, i64 %p_int_4_vz_read_2, i64 %p_int_7_vz_read_2, i64 %p_int_7_vz_read_2, i64 %p_int_7_vz_read_2, i64 %p_int_7_vz_read_2, i64 %p_int_7_vz_read_2, i64 %p_int_7_vz_read_2, i64 %p_int_7_vz_read_2, i64 %p_int_7_vz_read_2, i64 %p_int_7_vz_read_2, i64 %p_int_7_vz_read_2, i64 %p_int_7_vz_read_2, i4 %i_3_0_t)

ST_3: tmp_55_1 (196)  [3/3] 8.22ns  loc: astro.c:104
_ifconv:54  %tmp_55_1 = sitofp i64 %p_int_vz_load_1_phi to double

ST_3: p_int_vx_load_2_phi (205)  [1/1] 0.46ns  loc: astro.c:102
_ifconv:63  %p_int_vx_load_2_phi = call i64 @_ssdm_op_Mux.ap_auto.16i64.i4(i64 %p_int_8_vx_read_2, i64 %p_int_8_vx_read_2, i64 %p_int_2_vx_read_2, i64 %p_int_8_vx_read_2, i64 %p_int_8_vx_read_2, i64 %p_int_5_vx_read_2, i64 %p_int_8_vx_read_2, i64 %p_int_8_vx_read_2, i64 %p_int_8_vx_read_2, i64 %p_int_8_vx_read_2, i64 %p_int_8_vx_read_2, i64 %p_int_8_vx_read_2, i64 %p_int_8_vx_read_2, i64 %p_int_8_vx_read_2, i64 %p_int_8_vx_read_2, i64 %p_int_8_vx_read_2, i4 %i_3_1_t)

ST_3: tmp_47_2 (206)  [3/3] 8.22ns  loc: astro.c:102
_ifconv:64  %tmp_47_2 = sitofp i64 %p_int_vx_load_2_phi to double

ST_3: p_int_vy_load_2_phi (214)  [1/1] 0.46ns  loc: astro.c:103
_ifconv:72  %p_int_vy_load_2_phi = call i64 @_ssdm_op_Mux.ap_auto.16i64.i4(i64 %p_int_8_vy_read_2, i64 %p_int_8_vy_read_2, i64 %p_int_2_vy_read_2, i64 %p_int_8_vy_read_2, i64 %p_int_8_vy_read_2, i64 %p_int_5_vy_read_2, i64 %p_int_8_vy_read_2, i64 %p_int_8_vy_read_2, i64 %p_int_8_vy_read_2, i64 %p_int_8_vy_read_2, i64 %p_int_8_vy_read_2, i64 %p_int_8_vy_read_2, i64 %p_int_8_vy_read_2, i64 %p_int_8_vy_read_2, i64 %p_int_8_vy_read_2, i64 %p_int_8_vy_read_2, i4 %i_3_1_t)

ST_3: tmp_51_2 (215)  [3/3] 8.22ns  loc: astro.c:103
_ifconv:73  %tmp_51_2 = sitofp i64 %p_int_vy_load_2_phi to double

ST_3: p_int_vz_load_2_phi (223)  [1/1] 0.46ns  loc: astro.c:104
_ifconv:81  %p_int_vz_load_2_phi = call i64 @_ssdm_op_Mux.ap_auto.16i64.i4(i64 %p_int_8_vz_read_2, i64 %p_int_8_vz_read_2, i64 %p_int_2_vz_read_2, i64 %p_int_8_vz_read_2, i64 %p_int_8_vz_read_2, i64 %p_int_5_vz_read51, i64 %p_int_8_vz_read_2, i64 %p_int_8_vz_read_2, i64 %p_int_8_vz_read_2, i64 %p_int_8_vz_read_2, i64 %p_int_8_vz_read_2, i64 %p_int_8_vz_read_2, i64 %p_int_8_vz_read_2, i64 %p_int_8_vz_read_2, i64 %p_int_8_vz_read_2, i64 %p_int_8_vz_read_2, i4 %i_3_1_t)

ST_3: tmp_55_2 (224)  [3/3] 8.22ns  loc: astro.c:104
_ifconv:82  %tmp_55_2 = sitofp i64 %p_int_vz_load_2_phi to double


 <State 4>: 8.22ns
ST_4: tmp_13 (149)  [1/3] 8.22ns  loc: astro.c:102
_ifconv:7  %tmp_13 = sitofp i64 %p_int_vx_load_0_phi to double

ST_4: tmp_17 (158)  [1/3] 8.22ns  loc: astro.c:103
_ifconv:16  %tmp_17 = sitofp i64 %p_int_vy_load_0_phi to double

ST_4: tmp_21 (167)  [1/3] 8.22ns  loc: astro.c:104
_ifconv:25  %tmp_21 = sitofp i64 %p_int_vz_load_0_phi to double

ST_4: tmp_47_1 (178)  [2/3] 8.22ns  loc: astro.c:102
_ifconv:36  %tmp_47_1 = sitofp i64 %p_int_vx_load_1_phi to double

ST_4: tmp_51_1 (187)  [2/3] 8.22ns  loc: astro.c:103
_ifconv:45  %tmp_51_1 = sitofp i64 %p_int_vy_load_1_phi to double

ST_4: tmp_55_1 (196)  [2/3] 8.22ns  loc: astro.c:104
_ifconv:54  %tmp_55_1 = sitofp i64 %p_int_vz_load_1_phi to double

ST_4: tmp_47_2 (206)  [2/3] 8.22ns  loc: astro.c:102
_ifconv:64  %tmp_47_2 = sitofp i64 %p_int_vx_load_2_phi to double

ST_4: tmp_51_2 (215)  [2/3] 8.22ns  loc: astro.c:103
_ifconv:73  %tmp_51_2 = sitofp i64 %p_int_vy_load_2_phi to double

ST_4: tmp_55_2 (224)  [2/3] 8.22ns  loc: astro.c:104
_ifconv:82  %tmp_55_2 = sitofp i64 %p_int_vz_load_2_phi to double


 <State 5>: 8.66ns
ST_5: tmp_14 (150)  [4/4] 8.66ns  loc: astro.c:102
_ifconv:8  %tmp_14 = fmul double %tmp_13, 5.000000e-03

ST_5: tmp_18 (159)  [4/4] 8.66ns  loc: astro.c:103
_ifconv:17  %tmp_18 = fmul double %tmp_17, 5.000000e-03

ST_5: tmp_22 (168)  [4/4] 8.66ns  loc: astro.c:104
_ifconv:26  %tmp_22 = fmul double %tmp_21, 5.000000e-03

ST_5: tmp_47_1 (178)  [1/3] 8.22ns  loc: astro.c:102
_ifconv:36  %tmp_47_1 = sitofp i64 %p_int_vx_load_1_phi to double

ST_5: tmp_51_1 (187)  [1/3] 8.22ns  loc: astro.c:103
_ifconv:45  %tmp_51_1 = sitofp i64 %p_int_vy_load_1_phi to double

ST_5: tmp_55_1 (196)  [1/3] 8.22ns  loc: astro.c:104
_ifconv:54  %tmp_55_1 = sitofp i64 %p_int_vz_load_1_phi to double

ST_5: tmp_47_2 (206)  [1/3] 8.22ns  loc: astro.c:102
_ifconv:64  %tmp_47_2 = sitofp i64 %p_int_vx_load_2_phi to double

ST_5: tmp_51_2 (215)  [1/3] 8.22ns  loc: astro.c:103
_ifconv:73  %tmp_51_2 = sitofp i64 %p_int_vy_load_2_phi to double

ST_5: tmp_55_2 (224)  [1/3] 8.22ns  loc: astro.c:104
_ifconv:82  %tmp_55_2 = sitofp i64 %p_int_vz_load_2_phi to double


 <State 6>: 8.66ns
ST_6: tmp_14 (150)  [3/4] 8.66ns  loc: astro.c:102
_ifconv:8  %tmp_14 = fmul double %tmp_13, 5.000000e-03

ST_6: tmp_18 (159)  [3/4] 8.66ns  loc: astro.c:103
_ifconv:17  %tmp_18 = fmul double %tmp_17, 5.000000e-03

ST_6: tmp_22 (168)  [3/4] 8.66ns  loc: astro.c:104
_ifconv:26  %tmp_22 = fmul double %tmp_21, 5.000000e-03

ST_6: tmp_48_1 (179)  [4/4] 8.66ns  loc: astro.c:102
_ifconv:37  %tmp_48_1 = fmul double %tmp_47_1, 5.000000e-03

ST_6: tmp_52_1 (188)  [4/4] 8.66ns  loc: astro.c:103
_ifconv:46  %tmp_52_1 = fmul double %tmp_51_1, 5.000000e-03

ST_6: tmp_56_1 (197)  [4/4] 8.66ns  loc: astro.c:104
_ifconv:55  %tmp_56_1 = fmul double %tmp_55_1, 5.000000e-03

ST_6: tmp_48_2 (207)  [4/4] 8.66ns  loc: astro.c:102
_ifconv:65  %tmp_48_2 = fmul double %tmp_47_2, 5.000000e-03

ST_6: tmp_52_2 (216)  [4/4] 8.66ns  loc: astro.c:103
_ifconv:74  %tmp_52_2 = fmul double %tmp_51_2, 5.000000e-03

ST_6: tmp_56_2 (225)  [4/4] 8.66ns  loc: astro.c:104
_ifconv:83  %tmp_56_2 = fmul double %tmp_55_2, 5.000000e-03


 <State 7>: 8.66ns
ST_7: tmp_14 (150)  [2/4] 8.66ns  loc: astro.c:102
_ifconv:8  %tmp_14 = fmul double %tmp_13, 5.000000e-03

ST_7: tmp_18 (159)  [2/4] 8.66ns  loc: astro.c:103
_ifconv:17  %tmp_18 = fmul double %tmp_17, 5.000000e-03

ST_7: tmp_22 (168)  [2/4] 8.66ns  loc: astro.c:104
_ifconv:26  %tmp_22 = fmul double %tmp_21, 5.000000e-03

ST_7: tmp_48_1 (179)  [3/4] 8.66ns  loc: astro.c:102
_ifconv:37  %tmp_48_1 = fmul double %tmp_47_1, 5.000000e-03

ST_7: tmp_52_1 (188)  [3/4] 8.66ns  loc: astro.c:103
_ifconv:46  %tmp_52_1 = fmul double %tmp_51_1, 5.000000e-03

ST_7: tmp_56_1 (197)  [3/4] 8.66ns  loc: astro.c:104
_ifconv:55  %tmp_56_1 = fmul double %tmp_55_1, 5.000000e-03

ST_7: tmp_48_2 (207)  [3/4] 8.66ns  loc: astro.c:102
_ifconv:65  %tmp_48_2 = fmul double %tmp_47_2, 5.000000e-03

ST_7: tmp_52_2 (216)  [3/4] 8.66ns  loc: astro.c:103
_ifconv:74  %tmp_52_2 = fmul double %tmp_51_2, 5.000000e-03

ST_7: tmp_56_2 (225)  [3/4] 8.66ns  loc: astro.c:104
_ifconv:83  %tmp_56_2 = fmul double %tmp_55_2, 5.000000e-03


 <State 8>: 8.66ns
ST_8: tmp_14 (150)  [1/4] 8.66ns  loc: astro.c:102
_ifconv:8  %tmp_14 = fmul double %tmp_13, 5.000000e-03

ST_8: tmp_18 (159)  [1/4] 8.66ns  loc: astro.c:103
_ifconv:17  %tmp_18 = fmul double %tmp_17, 5.000000e-03

ST_8: tmp_22 (168)  [1/4] 8.66ns  loc: astro.c:104
_ifconv:26  %tmp_22 = fmul double %tmp_21, 5.000000e-03

ST_8: tmp_48_1 (179)  [2/4] 8.66ns  loc: astro.c:102
_ifconv:37  %tmp_48_1 = fmul double %tmp_47_1, 5.000000e-03

ST_8: tmp_52_1 (188)  [2/4] 8.66ns  loc: astro.c:103
_ifconv:46  %tmp_52_1 = fmul double %tmp_51_1, 5.000000e-03

ST_8: tmp_56_1 (197)  [2/4] 8.66ns  loc: astro.c:104
_ifconv:55  %tmp_56_1 = fmul double %tmp_55_1, 5.000000e-03

ST_8: tmp_48_2 (207)  [2/4] 8.66ns  loc: astro.c:102
_ifconv:65  %tmp_48_2 = fmul double %tmp_47_2, 5.000000e-03

ST_8: tmp_52_2 (216)  [2/4] 8.66ns  loc: astro.c:103
_ifconv:74  %tmp_52_2 = fmul double %tmp_51_2, 5.000000e-03

ST_8: tmp_56_2 (225)  [2/4] 8.66ns  loc: astro.c:104
_ifconv:83  %tmp_56_2 = fmul double %tmp_55_2, 5.000000e-03


 <State 9>: 8.66ns
ST_9: tmp_15 (151)  [1/1] 3.98ns  loc: astro.c:102
_ifconv:9  %tmp_15 = call fastcc i64 @__hls_fptosi_double_(double %tmp_14)

ST_9: p_int_x_load_0_phi (152)  [1/1] 0.46ns  loc: astro.c:102
_ifconv:10  %p_int_x_load_0_phi = call i64 @_ssdm_op_Mux.ap_auto.16i64.i4(i64 %p_int_x, i64 %p_int_x6, i64 %p_int_x6, i64 %p_int_x3, i64 %p_int_x6, i64 %p_int_x6, i64 %p_int_x6, i64 %p_int_x6, i64 %p_int_x6, i64 %p_int_x6, i64 %p_int_x6, i64 %p_int_x6, i64 %p_int_x6, i64 %p_int_x6, i64 %p_int_x6, i64 %p_int_x6, i4 %i)

ST_9: tmp_16 (153)  [1/1] 1.42ns  loc: astro.c:102
_ifconv:11  %tmp_16 = add nsw i64 %tmp_15, %p_int_x_load_0_phi

ST_9: p_int_x6_1 (154)  [1/1] 0.46ns  loc: astro.c:102
_ifconv:12  %p_int_x6_1 = call i64 @_ssdm_op_Mux.ap_auto.16i64.i4(i64 %p_int_x6, i64 %tmp_16, i64 %tmp_16, i64 %p_int_x6, i64 %tmp_16, i64 %tmp_16, i64 %tmp_16, i64 %tmp_16, i64 %tmp_16, i64 %tmp_16, i64 %tmp_16, i64 %tmp_16, i64 %tmp_16, i64 %tmp_16, i64 %tmp_16, i64 %tmp_16, i4 %i)

ST_9: p_int_x3_1 (155)  [1/1] 0.46ns  loc: astro.c:102
_ifconv:13  %p_int_x3_1 = call i64 @_ssdm_op_Mux.ap_auto.16i64.i4(i64 %p_int_x3, i64 %p_int_x3, i64 %p_int_x3, i64 %tmp_16, i64 %p_int_x3, i64 %p_int_x3, i64 %p_int_x3, i64 %p_int_x3, i64 %p_int_x3, i64 %p_int_x3, i64 %p_int_x3, i64 %p_int_x3, i64 %p_int_x3, i64 %p_int_x3, i64 %p_int_x3, i64 %p_int_x3, i4 %i)

ST_9: p_int_x_1 (156)  [1/1] 0.46ns  loc: astro.c:102
_ifconv:14  %p_int_x_1 = call i64 @_ssdm_op_Mux.ap_auto.16i64.i4(i64 %tmp_16, i64 %p_int_x, i64 %p_int_x, i64 %p_int_x, i64 %p_int_x, i64 %p_int_x, i64 %p_int_x, i64 %p_int_x, i64 %p_int_x, i64 %p_int_x, i64 %p_int_x, i64 %p_int_x, i64 %p_int_x, i64 %p_int_x, i64 %p_int_x, i64 %p_int_x, i4 %i)

ST_9: tmp_19 (160)  [1/1] 3.98ns  loc: astro.c:103
_ifconv:18  %tmp_19 = call fastcc i64 @__hls_fptosi_double_(double %tmp_18)

ST_9: p_int_y_load_0_phi (161)  [1/1] 0.46ns  loc: astro.c:103
_ifconv:19  %p_int_y_load_0_phi = call i64 @_ssdm_op_Mux.ap_auto.16i64.i4(i64 %p_int_y, i64 %p_int_y5, i64 %p_int_y5, i64 %p_int_y2, i64 %p_int_y5, i64 %p_int_y5, i64 %p_int_y5, i64 %p_int_y5, i64 %p_int_y5, i64 %p_int_y5, i64 %p_int_y5, i64 %p_int_y5, i64 %p_int_y5, i64 %p_int_y5, i64 %p_int_y5, i64 %p_int_y5, i4 %i)

ST_9: tmp_20 (162)  [1/1] 1.42ns  loc: astro.c:103
_ifconv:20  %tmp_20 = add nsw i64 %tmp_19, %p_int_y_load_0_phi

ST_9: p_int_y14_1 (163)  [1/1] 0.46ns  loc: astro.c:103
_ifconv:21  %p_int_y14_1 = call i64 @_ssdm_op_Mux.ap_auto.16i64.i4(i64 %p_int_y5, i64 %tmp_20, i64 %tmp_20, i64 %p_int_y5, i64 %tmp_20, i64 %tmp_20, i64 %tmp_20, i64 %tmp_20, i64 %tmp_20, i64 %tmp_20, i64 %tmp_20, i64 %tmp_20, i64 %tmp_20, i64 %tmp_20, i64 %tmp_20, i64 %tmp_20, i4 %i)

ST_9: p_int_y1114_1 (164)  [1/1] 0.46ns  loc: astro.c:103
_ifconv:22  %p_int_y1114_1 = call i64 @_ssdm_op_Mux.ap_auto.16i64.i4(i64 %p_int_y2, i64 %p_int_y2, i64 %p_int_y2, i64 %tmp_20, i64 %p_int_y2, i64 %p_int_y2, i64 %p_int_y2, i64 %p_int_y2, i64 %p_int_y2, i64 %p_int_y2, i64 %p_int_y2, i64 %p_int_y2, i64 %p_int_y2, i64 %p_int_y2, i64 %p_int_y2, i64 %p_int_y2, i4 %i)

ST_9: p_int_y_1 (165)  [1/1] 0.46ns  loc: astro.c:103
_ifconv:23  %p_int_y_1 = call i64 @_ssdm_op_Mux.ap_auto.16i64.i4(i64 %tmp_20, i64 %p_int_y, i64 %p_int_y, i64 %p_int_y, i64 %p_int_y, i64 %p_int_y, i64 %p_int_y, i64 %p_int_y, i64 %p_int_y, i64 %p_int_y, i64 %p_int_y, i64 %p_int_y, i64 %p_int_y, i64 %p_int_y, i64 %p_int_y, i64 %p_int_y, i4 %i)

ST_9: tmp_23 (169)  [1/1] 3.98ns  loc: astro.c:104
_ifconv:27  %tmp_23 = call fastcc i64 @__hls_fptosi_double_(double %tmp_22)

ST_9: p_int_z_load_0_phi (170)  [1/1] 0.46ns  loc: astro.c:104
_ifconv:28  %p_int_z_load_0_phi = call i64 @_ssdm_op_Mux.ap_auto.16i64.i4(i64 %p_int_z, i64 %p_int_z6, i64 %p_int_z6, i64 %p_int_z3, i64 %p_int_z6, i64 %p_int_z6, i64 %p_int_z6, i64 %p_int_z6, i64 %p_int_z6, i64 %p_int_z6, i64 %p_int_z6, i64 %p_int_z6, i64 %p_int_z6, i64 %p_int_z6, i64 %p_int_z6, i64 %p_int_z6, i4 %i)

ST_9: tmp_24 (171)  [1/1] 1.42ns  loc: astro.c:104
_ifconv:29  %tmp_24 = add nsw i64 %tmp_23, %p_int_z_load_0_phi

ST_9: p_int_z22_1 (172)  [1/1] 0.46ns  loc: astro.c:104
_ifconv:30  %p_int_z22_1 = call i64 @_ssdm_op_Mux.ap_auto.16i64.i4(i64 %p_int_z6, i64 %tmp_24, i64 %tmp_24, i64 %p_int_z6, i64 %tmp_24, i64 %tmp_24, i64 %tmp_24, i64 %tmp_24, i64 %tmp_24, i64 %tmp_24, i64 %tmp_24, i64 %tmp_24, i64 %tmp_24, i64 %tmp_24, i64 %tmp_24, i64 %tmp_24, i4 %i)

ST_9: p_int_z19_1 (173)  [1/1] 0.46ns  loc: astro.c:104
_ifconv:31  %p_int_z19_1 = call i64 @_ssdm_op_Mux.ap_auto.16i64.i4(i64 %p_int_z3, i64 %p_int_z3, i64 %p_int_z3, i64 %tmp_24, i64 %p_int_z3, i64 %p_int_z3, i64 %p_int_z3, i64 %p_int_z3, i64 %p_int_z3, i64 %p_int_z3, i64 %p_int_z3, i64 %p_int_z3, i64 %p_int_z3, i64 %p_int_z3, i64 %p_int_z3, i64 %p_int_z3, i4 %i)

ST_9: p_int_z_1 (174)  [1/1] 0.46ns  loc: astro.c:104
_ifconv:32  %p_int_z_1 = call i64 @_ssdm_op_Mux.ap_auto.16i64.i4(i64 %tmp_24, i64 %p_int_z, i64 %p_int_z, i64 %p_int_z, i64 %p_int_z, i64 %p_int_z, i64 %p_int_z, i64 %p_int_z, i64 %p_int_z, i64 %p_int_z, i64 %p_int_z, i64 %p_int_z, i64 %p_int_z, i64 %p_int_z, i64 %p_int_z, i64 %p_int_z, i4 %i)

ST_9: tmp_48_1 (179)  [1/4] 8.66ns  loc: astro.c:102
_ifconv:37  %tmp_48_1 = fmul double %tmp_47_1, 5.000000e-03

ST_9: tmp_52_1 (188)  [1/4] 8.66ns  loc: astro.c:103
_ifconv:46  %tmp_52_1 = fmul double %tmp_51_1, 5.000000e-03

ST_9: tmp_56_1 (197)  [1/4] 8.66ns  loc: astro.c:104
_ifconv:55  %tmp_56_1 = fmul double %tmp_55_1, 5.000000e-03

ST_9: tmp_48_2 (207)  [1/4] 8.66ns  loc: astro.c:102
_ifconv:65  %tmp_48_2 = fmul double %tmp_47_2, 5.000000e-03

ST_9: tmp_52_2 (216)  [1/4] 8.66ns  loc: astro.c:103
_ifconv:74  %tmp_52_2 = fmul double %tmp_51_2, 5.000000e-03

ST_9: tmp_56_2 (225)  [1/4] 8.66ns  loc: astro.c:104
_ifconv:83  %tmp_56_2 = fmul double %tmp_55_2, 5.000000e-03


 <State 10>: 5.87ns
ST_10: empty (142)  [1/1] 0.00ns
_ifconv:0  %empty = call i32 (...)* @_ssdm_op_SpecLoopTripCount(i64 3, i64 3, i64 3)

ST_10: tmp_s (143)  [1/1] 0.00ns  loc: astro.c:94
_ifconv:1  %tmp_s = call i32 (...)* @_ssdm_op_SpecRegionBegin([12 x i8]* @p_str11)

ST_10: StgValue_195 (144)  [1/1] 0.00ns  loc: astro.c:96
_ifconv:2  call void (...)* @_ssdm_op_SpecPipeline(i32 -1, i32 1, i32 1, i32 0, [1 x i8]* @p_str) nounwind

ST_10: empty_9 (175)  [1/1] 0.00ns  loc: astro.c:105
_ifconv:33  %empty_9 = call i32 (...)* @_ssdm_op_SpecRegionEnd([12 x i8]* @p_str11, i32 %tmp_s)

ST_10: tmp_49_1 (180)  [1/1] 3.98ns  loc: astro.c:102
_ifconv:38  %tmp_49_1 = call fastcc i64 @__hls_fptosi_double_(double %tmp_48_1)

ST_10: p_int_x_load_1_phi (181)  [1/1] 0.46ns  loc: astro.c:102
_ifconv:39  %p_int_x_load_1_phi = call i64 @_ssdm_op_Mux.ap_auto.16i64.i4(i64 %p_int_x7, i64 %p_int_x1, i64 %p_int_x7, i64 %p_int_x7, i64 %p_int_x4, i64 %p_int_x7, i64 %p_int_x7, i64 %p_int_x7, i64 %p_int_x7, i64 %p_int_x7, i64 %p_int_x7, i64 %p_int_x7, i64 %p_int_x7, i64 %p_int_x7, i64 %p_int_x7, i64 %p_int_x7, i4 %i_3_0_t)

ST_10: tmp_50_1 (182)  [1/1] 1.42ns  loc: astro.c:102
_ifconv:40  %tmp_50_1 = add nsw i64 %tmp_49_1, %p_int_x_load_1_phi

ST_10: p_int_x7_1 (183)  [1/1] 0.46ns  loc: astro.c:102
_ifconv:41  %p_int_x7_1 = call i64 @_ssdm_op_Mux.ap_auto.16i64.i4(i64 %tmp_50_1, i64 %p_int_x7, i64 %tmp_50_1, i64 %tmp_50_1, i64 %p_int_x7, i64 %tmp_50_1, i64 %tmp_50_1, i64 %tmp_50_1, i64 %tmp_50_1, i64 %tmp_50_1, i64 %tmp_50_1, i64 %tmp_50_1, i64 %tmp_50_1, i64 %tmp_50_1, i64 %tmp_50_1, i64 %tmp_50_1, i4 %i_3_0_t)

ST_10: p_int_x4_1 (184)  [1/1] 0.46ns  loc: astro.c:102
_ifconv:42  %p_int_x4_1 = call i64 @_ssdm_op_Mux.ap_auto.16i64.i4(i64 %p_int_x4, i64 %p_int_x4, i64 %p_int_x4, i64 %p_int_x4, i64 %tmp_50_1, i64 %p_int_x4, i64 %p_int_x4, i64 %p_int_x4, i64 %p_int_x4, i64 %p_int_x4, i64 %p_int_x4, i64 %p_int_x4, i64 %p_int_x4, i64 %p_int_x4, i64 %p_int_x4, i64 %p_int_x4, i4 %i_3_0_t)

ST_10: p_int_x12_1 (185)  [1/1] 0.46ns  loc: astro.c:102
_ifconv:43  %p_int_x12_1 = call i64 @_ssdm_op_Mux.ap_auto.16i64.i4(i64 %p_int_x1, i64 %tmp_50_1, i64 %p_int_x1, i64 %p_int_x1, i64 %p_int_x1, i64 %p_int_x1, i64 %p_int_x1, i64 %p_int_x1, i64 %p_int_x1, i64 %p_int_x1, i64 %p_int_x1, i64 %p_int_x1, i64 %p_int_x1, i64 %p_int_x1, i64 %p_int_x1, i64 %p_int_x1, i4 %i_3_0_t)

ST_10: tmp_53_1 (189)  [1/1] 3.98ns  loc: astro.c:103
_ifconv:47  %tmp_53_1 = call fastcc i64 @__hls_fptosi_double_(double %tmp_52_1)

ST_10: p_int_y_load_1_phi (190)  [1/1] 0.46ns  loc: astro.c:103
_ifconv:48  %p_int_y_load_1_phi = call i64 @_ssdm_op_Mux.ap_auto.16i64.i4(i64 %p_int_y6, i64 %p_int_y9, i64 %p_int_y6, i64 %p_int_y6, i64 %p_int_y3, i64 %p_int_y6, i64 %p_int_y6, i64 %p_int_y6, i64 %p_int_y6, i64 %p_int_y6, i64 %p_int_y6, i64 %p_int_y6, i64 %p_int_y6, i64 %p_int_y6, i64 %p_int_y6, i64 %p_int_y6, i4 %i_3_0_t)

ST_10: tmp_54_1 (191)  [1/1] 1.42ns  loc: astro.c:103
_ifconv:49  %tmp_54_1 = add nsw i64 %tmp_53_1, %p_int_y_load_1_phi

ST_10: p_int_y15_1 (192)  [1/1] 0.46ns  loc: astro.c:103
_ifconv:50  %p_int_y15_1 = call i64 @_ssdm_op_Mux.ap_auto.16i64.i4(i64 %tmp_54_1, i64 %p_int_y6, i64 %tmp_54_1, i64 %tmp_54_1, i64 %p_int_y6, i64 %tmp_54_1, i64 %tmp_54_1, i64 %tmp_54_1, i64 %tmp_54_1, i64 %tmp_54_1, i64 %tmp_54_1, i64 %tmp_54_1, i64 %tmp_54_1, i64 %tmp_54_1, i64 %tmp_54_1, i64 %tmp_54_1, i4 %i_3_0_t)

ST_10: p_int_y12_1 (193)  [1/1] 0.46ns  loc: astro.c:103
_ifconv:51  %p_int_y12_1 = call i64 @_ssdm_op_Mux.ap_auto.16i64.i4(i64 %p_int_y3, i64 %p_int_y3, i64 %p_int_y3, i64 %p_int_y3, i64 %tmp_54_1, i64 %p_int_y3, i64 %p_int_y3, i64 %p_int_y3, i64 %p_int_y3, i64 %p_int_y3, i64 %p_int_y3, i64 %p_int_y3, i64 %p_int_y3, i64 %p_int_y3, i64 %p_int_y3, i64 %p_int_y3, i4 %i_3_0_t)

ST_10: p_int_y9_1 (194)  [1/1] 0.46ns  loc: astro.c:103
_ifconv:52  %p_int_y9_1 = call i64 @_ssdm_op_Mux.ap_auto.16i64.i4(i64 %p_int_y9, i64 %tmp_54_1, i64 %p_int_y9, i64 %p_int_y9, i64 %p_int_y9, i64 %p_int_y9, i64 %p_int_y9, i64 %p_int_y9, i64 %p_int_y9, i64 %p_int_y9, i64 %p_int_y9, i64 %p_int_y9, i64 %p_int_y9, i64 %p_int_y9, i64 %p_int_y9, i64 %p_int_y9, i4 %i_3_0_t)

ST_10: tmp_57_1 (198)  [1/1] 3.98ns  loc: astro.c:104
_ifconv:56  %tmp_57_1 = call fastcc i64 @__hls_fptosi_double_(double %tmp_56_1)

ST_10: p_int_z_load_1_phi (199)  [1/1] 0.46ns  loc: astro.c:104
_ifconv:57  %p_int_z_load_1_phi = call i64 @_ssdm_op_Mux.ap_auto.16i64.i4(i64 %p_int_z7, i64 %p_int_z1, i64 %p_int_z7, i64 %p_int_z7, i64 %p_int_z4, i64 %p_int_z7, i64 %p_int_z7, i64 %p_int_z7, i64 %p_int_z7, i64 %p_int_z7, i64 %p_int_z7, i64 %p_int_z7, i64 %p_int_z7, i64 %p_int_z7, i64 %p_int_z7, i64 %p_int_z7, i4 %i_3_0_t)

ST_10: tmp_58_1 (200)  [1/1] 1.42ns  loc: astro.c:104
_ifconv:58  %tmp_58_1 = add nsw i64 %tmp_57_1, %p_int_z_load_1_phi

ST_10: p_int_z23_1 (201)  [1/1] 0.46ns  loc: astro.c:104
_ifconv:59  %p_int_z23_1 = call i64 @_ssdm_op_Mux.ap_auto.16i64.i4(i64 %tmp_58_1, i64 %p_int_z7, i64 %tmp_58_1, i64 %tmp_58_1, i64 %p_int_z7, i64 %tmp_58_1, i64 %tmp_58_1, i64 %tmp_58_1, i64 %tmp_58_1, i64 %tmp_58_1, i64 %tmp_58_1, i64 %tmp_58_1, i64 %tmp_58_1, i64 %tmp_58_1, i64 %tmp_58_1, i64 %tmp_58_1, i4 %i_3_0_t)

ST_10: p_int_z20_1 (202)  [1/1] 0.46ns  loc: astro.c:104
_ifconv:60  %p_int_z20_1 = call i64 @_ssdm_op_Mux.ap_auto.16i64.i4(i64 %p_int_z4, i64 %p_int_z4, i64 %p_int_z4, i64 %p_int_z4, i64 %tmp_58_1, i64 %p_int_z4, i64 %p_int_z4, i64 %p_int_z4, i64 %p_int_z4, i64 %p_int_z4, i64 %p_int_z4, i64 %p_int_z4, i64 %p_int_z4, i64 %p_int_z4, i64 %p_int_z4, i64 %p_int_z4, i4 %i_3_0_t)

ST_10: p_int_z17_1 (203)  [1/1] 0.46ns  loc: astro.c:104
_ifconv:61  %p_int_z17_1 = call i64 @_ssdm_op_Mux.ap_auto.16i64.i4(i64 %p_int_z1, i64 %tmp_58_1, i64 %p_int_z1, i64 %p_int_z1, i64 %p_int_z1, i64 %p_int_z1, i64 %p_int_z1, i64 %p_int_z1, i64 %p_int_z1, i64 %p_int_z1, i64 %p_int_z1, i64 %p_int_z1, i64 %p_int_z1, i64 %p_int_z1, i64 %p_int_z1, i64 %p_int_z1, i4 %i_3_0_t)

ST_10: tmp_49_2 (208)  [1/1] 3.98ns  loc: astro.c:102
_ifconv:66  %tmp_49_2 = call fastcc i64 @__hls_fptosi_double_(double %tmp_48_2)

ST_10: p_int_x_load_2_phi (209)  [1/1] 0.46ns  loc: astro.c:102
_ifconv:67  %p_int_x_load_2_phi = call i64 @_ssdm_op_Mux.ap_auto.16i64.i4(i64 %p_int_x8, i64 %p_int_x8, i64 %p_int_x2, i64 %p_int_x8, i64 %p_int_x8, i64 %p_int_x5, i64 %p_int_x8, i64 %p_int_x8, i64 %p_int_x8, i64 %p_int_x8, i64 %p_int_x8, i64 %p_int_x8, i64 %p_int_x8, i64 %p_int_x8, i64 %p_int_x8, i64 %p_int_x8, i4 %i_3_1_t)

ST_10: tmp_50_2 (210)  [1/1] 1.42ns  loc: astro.c:102
_ifconv:68  %tmp_50_2 = add nsw i64 %tmp_49_2, %p_int_x_load_2_phi

ST_10: p_int_x8_1 (211)  [1/1] 0.46ns  loc: astro.c:102
_ifconv:69  %p_int_x8_1 = call i64 @_ssdm_op_Mux.ap_auto.16i64.i4(i64 %tmp_50_2, i64 %tmp_50_2, i64 %p_int_x8, i64 %tmp_50_2, i64 %tmp_50_2, i64 %p_int_x8, i64 %tmp_50_2, i64 %tmp_50_2, i64 %tmp_50_2, i64 %tmp_50_2, i64 %tmp_50_2, i64 %tmp_50_2, i64 %tmp_50_2, i64 %tmp_50_2, i64 %tmp_50_2, i64 %tmp_50_2, i4 %i_3_1_t)

ST_10: p_int_x5_1 (212)  [1/1] 0.46ns  loc: astro.c:102
_ifconv:70  %p_int_x5_1 = call i64 @_ssdm_op_Mux.ap_auto.16i64.i4(i64 %p_int_x5, i64 %p_int_x5, i64 %p_int_x5, i64 %p_int_x5, i64 %p_int_x5, i64 %tmp_50_2, i64 %p_int_x5, i64 %p_int_x5, i64 %p_int_x5, i64 %p_int_x5, i64 %p_int_x5, i64 %p_int_x5, i64 %p_int_x5, i64 %p_int_x5, i64 %p_int_x5, i64 %p_int_x5, i4 %i_3_1_t)

ST_10: p_int_x2_1 (213)  [1/1] 0.46ns  loc: astro.c:102
_ifconv:71  %p_int_x2_1 = call i64 @_ssdm_op_Mux.ap_auto.16i64.i4(i64 %p_int_x2, i64 %p_int_x2, i64 %tmp_50_2, i64 %p_int_x2, i64 %p_int_x2, i64 %p_int_x2, i64 %p_int_x2, i64 %p_int_x2, i64 %p_int_x2, i64 %p_int_x2, i64 %p_int_x2, i64 %p_int_x2, i64 %p_int_x2, i64 %p_int_x2, i64 %p_int_x2, i64 %p_int_x2, i4 %i_3_1_t)

ST_10: tmp_53_2 (217)  [1/1] 3.98ns  loc: astro.c:103
_ifconv:75  %tmp_53_2 = call fastcc i64 @__hls_fptosi_double_(double %tmp_52_2)

ST_10: p_int_y_load_2_phi (218)  [1/1] 0.46ns  loc: astro.c:103
_ifconv:76  %p_int_y_load_2_phi = call i64 @_ssdm_op_Mux.ap_auto.16i64.i4(i64 %p_int_y7, i64 %p_int_y7, i64 %p_int_y1, i64 %p_int_y7, i64 %p_int_y7, i64 %p_int_y4, i64 %p_int_y7, i64 %p_int_y7, i64 %p_int_y7, i64 %p_int_y7, i64 %p_int_y7, i64 %p_int_y7, i64 %p_int_y7, i64 %p_int_y7, i64 %p_int_y7, i64 %p_int_y7, i4 %i_3_1_t)

ST_10: tmp_54_2 (219)  [1/1] 1.42ns  loc: astro.c:103
_ifconv:77  %tmp_54_2 = add nsw i64 %tmp_53_2, %p_int_y_load_2_phi

ST_10: p_int_y16_1 (220)  [1/1] 0.46ns  loc: astro.c:103
_ifconv:78  %p_int_y16_1 = call i64 @_ssdm_op_Mux.ap_auto.16i64.i4(i64 %tmp_54_2, i64 %tmp_54_2, i64 %p_int_y7, i64 %tmp_54_2, i64 %tmp_54_2, i64 %p_int_y7, i64 %tmp_54_2, i64 %tmp_54_2, i64 %tmp_54_2, i64 %tmp_54_2, i64 %tmp_54_2, i64 %tmp_54_2, i64 %tmp_54_2, i64 %tmp_54_2, i64 %tmp_54_2, i64 %tmp_54_2, i4 %i_3_1_t)

ST_10: p_int_y13_1 (221)  [1/1] 0.46ns  loc: astro.c:103
_ifconv:79  %p_int_y13_1 = call i64 @_ssdm_op_Mux.ap_auto.16i64.i4(i64 %p_int_y4, i64 %p_int_y4, i64 %p_int_y4, i64 %p_int_y4, i64 %p_int_y4, i64 %tmp_54_2, i64 %p_int_y4, i64 %p_int_y4, i64 %p_int_y4, i64 %p_int_y4, i64 %p_int_y4, i64 %p_int_y4, i64 %p_int_y4, i64 %p_int_y4, i64 %p_int_y4, i64 %p_int_y4, i4 %i_3_1_t)

ST_10: p_int_y10_1 (222)  [1/1] 0.46ns  loc: astro.c:103
_ifconv:80  %p_int_y10_1 = call i64 @_ssdm_op_Mux.ap_auto.16i64.i4(i64 %p_int_y1, i64 %p_int_y1, i64 %tmp_54_2, i64 %p_int_y1, i64 %p_int_y1, i64 %p_int_y1, i64 %p_int_y1, i64 %p_int_y1, i64 %p_int_y1, i64 %p_int_y1, i64 %p_int_y1, i64 %p_int_y1, i64 %p_int_y1, i64 %p_int_y1, i64 %p_int_y1, i64 %p_int_y1, i4 %i_3_1_t)

ST_10: tmp_57_2 (226)  [1/1] 3.98ns  loc: astro.c:104
_ifconv:84  %tmp_57_2 = call fastcc i64 @__hls_fptosi_double_(double %tmp_56_2)

ST_10: p_int_z_load_2_phi (227)  [1/1] 0.46ns  loc: astro.c:104
_ifconv:85  %p_int_z_load_2_phi = call i64 @_ssdm_op_Mux.ap_auto.16i64.i4(i64 %p_int_z8, i64 %p_int_z8, i64 %p_int_z2, i64 %p_int_z8, i64 %p_int_z8, i64 %p_int_z5, i64 %p_int_z8, i64 %p_int_z8, i64 %p_int_z8, i64 %p_int_z8, i64 %p_int_z8, i64 %p_int_z8, i64 %p_int_z8, i64 %p_int_z8, i64 %p_int_z8, i64 %p_int_z8, i4 %i_3_1_t)

ST_10: tmp_58_2 (228)  [1/1] 1.42ns  loc: astro.c:104
_ifconv:86  %tmp_58_2 = add nsw i64 %tmp_57_2, %p_int_z_load_2_phi

ST_10: p_int_z24_1 (229)  [1/1] 0.46ns  loc: astro.c:104
_ifconv:87  %p_int_z24_1 = call i64 @_ssdm_op_Mux.ap_auto.16i64.i4(i64 %tmp_58_2, i64 %tmp_58_2, i64 %p_int_z8, i64 %tmp_58_2, i64 %tmp_58_2, i64 %p_int_z8, i64 %tmp_58_2, i64 %tmp_58_2, i64 %tmp_58_2, i64 %tmp_58_2, i64 %tmp_58_2, i64 %tmp_58_2, i64 %tmp_58_2, i64 %tmp_58_2, i64 %tmp_58_2, i64 %tmp_58_2, i4 %i_3_1_t)

ST_10: p_int_z2126_1 (230)  [1/1] 0.46ns  loc: astro.c:104
_ifconv:88  %p_int_z2126_1 = call i64 @_ssdm_op_Mux.ap_auto.16i64.i4(i64 %p_int_z5, i64 %p_int_z5, i64 %p_int_z5, i64 %p_int_z5, i64 %p_int_z5, i64 %tmp_58_2, i64 %p_int_z5, i64 %p_int_z5, i64 %p_int_z5, i64 %p_int_z5, i64 %p_int_z5, i64 %p_int_z5, i64 %p_int_z5, i64 %p_int_z5, i64 %p_int_z5, i64 %p_int_z5, i4 %i_3_1_t)

ST_10: p_int_z18_1 (231)  [1/1] 0.46ns  loc: astro.c:104
_ifconv:89  %p_int_z18_1 = call i64 @_ssdm_op_Mux.ap_auto.16i64.i4(i64 %p_int_z2, i64 %p_int_z2, i64 %tmp_58_2, i64 %p_int_z2, i64 %p_int_z2, i64 %p_int_z2, i64 %p_int_z2, i64 %p_int_z2, i64 %p_int_z2, i64 %p_int_z2, i64 %p_int_z2, i64 %p_int_z2, i64 %p_int_z2, i64 %p_int_z2, i64 %p_int_z2, i64 %p_int_z2, i4 %i_3_1_t)

ST_10: StgValue_233 (233)  [1/1] 0.00ns  loc: astro.c:94
_ifconv:91  br label %1


 <State 11>: 0.00ns
ST_11: mrv (235)  [1/1] 0.00ns  loc: astro.c:106
:0  %mrv = insertvalue { i64, i64, i64, i64, i64, i64, i64, i64, i64, i64, i64, i64, i64, i64, i64, i64, i64, i64, i64, i64, i64, i64, i64, i64, i64, i64, i64 } undef, i64 %p_int_x, 0

ST_11: mrv_1 (236)  [1/1] 0.00ns  loc: astro.c:106
:1  %mrv_1 = insertvalue { i64, i64, i64, i64, i64, i64, i64, i64, i64, i64, i64, i64, i64, i64, i64, i64, i64, i64, i64, i64, i64, i64, i64, i64, i64, i64, i64 } %mrv, i64 %p_int_x1, 1

ST_11: mrv_2 (237)  [1/1] 0.00ns  loc: astro.c:106
:2  %mrv_2 = insertvalue { i64, i64, i64, i64, i64, i64, i64, i64, i64, i64, i64, i64, i64, i64, i64, i64, i64, i64, i64, i64, i64, i64, i64, i64, i64, i64, i64 } %mrv_1, i64 %p_int_x2, 2

ST_11: mrv_3 (238)  [1/1] 0.00ns  loc: astro.c:106
:3  %mrv_3 = insertvalue { i64, i64, i64, i64, i64, i64, i64, i64, i64, i64, i64, i64, i64, i64, i64, i64, i64, i64, i64, i64, i64, i64, i64, i64, i64, i64, i64 } %mrv_2, i64 %p_int_x3, 3

ST_11: mrv_4 (239)  [1/1] 0.00ns  loc: astro.c:106
:4  %mrv_4 = insertvalue { i64, i64, i64, i64, i64, i64, i64, i64, i64, i64, i64, i64, i64, i64, i64, i64, i64, i64, i64, i64, i64, i64, i64, i64, i64, i64, i64 } %mrv_3, i64 %p_int_x4, 4

ST_11: mrv_5 (240)  [1/1] 0.00ns  loc: astro.c:106
:5  %mrv_5 = insertvalue { i64, i64, i64, i64, i64, i64, i64, i64, i64, i64, i64, i64, i64, i64, i64, i64, i64, i64, i64, i64, i64, i64, i64, i64, i64, i64, i64 } %mrv_4, i64 %p_int_x5, 5

ST_11: mrv_6 (241)  [1/1] 0.00ns  loc: astro.c:106
:6  %mrv_6 = insertvalue { i64, i64, i64, i64, i64, i64, i64, i64, i64, i64, i64, i64, i64, i64, i64, i64, i64, i64, i64, i64, i64, i64, i64, i64, i64, i64, i64 } %mrv_5, i64 %p_int_x6, 6

ST_11: mrv_7 (242)  [1/1] 0.00ns  loc: astro.c:106
:7  %mrv_7 = insertvalue { i64, i64, i64, i64, i64, i64, i64, i64, i64, i64, i64, i64, i64, i64, i64, i64, i64, i64, i64, i64, i64, i64, i64, i64, i64, i64, i64 } %mrv_6, i64 %p_int_x7, 7

ST_11: mrv_8 (243)  [1/1] 0.00ns  loc: astro.c:106
:8  %mrv_8 = insertvalue { i64, i64, i64, i64, i64, i64, i64, i64, i64, i64, i64, i64, i64, i64, i64, i64, i64, i64, i64, i64, i64, i64, i64, i64, i64, i64, i64 } %mrv_7, i64 %p_int_x8, 8

ST_11: mrv_9 (244)  [1/1] 0.00ns  loc: astro.c:106
:9  %mrv_9 = insertvalue { i64, i64, i64, i64, i64, i64, i64, i64, i64, i64, i64, i64, i64, i64, i64, i64, i64, i64, i64, i64, i64, i64, i64, i64, i64, i64, i64 } %mrv_8, i64 %p_int_y, 9

ST_11: mrv_s (245)  [1/1] 0.00ns  loc: astro.c:106
:10  %mrv_s = insertvalue { i64, i64, i64, i64, i64, i64, i64, i64, i64, i64, i64, i64, i64, i64, i64, i64, i64, i64, i64, i64, i64, i64, i64, i64, i64, i64, i64 } %mrv_9, i64 %p_int_y9, 10

ST_11: mrv_10 (246)  [1/1] 0.00ns  loc: astro.c:106
:11  %mrv_10 = insertvalue { i64, i64, i64, i64, i64, i64, i64, i64, i64, i64, i64, i64, i64, i64, i64, i64, i64, i64, i64, i64, i64, i64, i64, i64, i64, i64, i64 } %mrv_s, i64 %p_int_y1, 11

ST_11: mrv_11 (247)  [1/1] 0.00ns  loc: astro.c:106
:12  %mrv_11 = insertvalue { i64, i64, i64, i64, i64, i64, i64, i64, i64, i64, i64, i64, i64, i64, i64, i64, i64, i64, i64, i64, i64, i64, i64, i64, i64, i64, i64 } %mrv_10, i64 %p_int_y2, 12

ST_11: mrv_12 (248)  [1/1] 0.00ns  loc: astro.c:106
:13  %mrv_12 = insertvalue { i64, i64, i64, i64, i64, i64, i64, i64, i64, i64, i64, i64, i64, i64, i64, i64, i64, i64, i64, i64, i64, i64, i64, i64, i64, i64, i64 } %mrv_11, i64 %p_int_y3, 13

ST_11: mrv_13 (249)  [1/1] 0.00ns  loc: astro.c:106
:14  %mrv_13 = insertvalue { i64, i64, i64, i64, i64, i64, i64, i64, i64, i64, i64, i64, i64, i64, i64, i64, i64, i64, i64, i64, i64, i64, i64, i64, i64, i64, i64 } %mrv_12, i64 %p_int_y4, 14

ST_11: mrv_14 (250)  [1/1] 0.00ns  loc: astro.c:106
:15  %mrv_14 = insertvalue { i64, i64, i64, i64, i64, i64, i64, i64, i64, i64, i64, i64, i64, i64, i64, i64, i64, i64, i64, i64, i64, i64, i64, i64, i64, i64, i64 } %mrv_13, i64 %p_int_y5, 15

ST_11: mrv_15 (251)  [1/1] 0.00ns  loc: astro.c:106
:16  %mrv_15 = insertvalue { i64, i64, i64, i64, i64, i64, i64, i64, i64, i64, i64, i64, i64, i64, i64, i64, i64, i64, i64, i64, i64, i64, i64, i64, i64, i64, i64 } %mrv_14, i64 %p_int_y6, 16

ST_11: mrv_16 (252)  [1/1] 0.00ns  loc: astro.c:106
:17  %mrv_16 = insertvalue { i64, i64, i64, i64, i64, i64, i64, i64, i64, i64, i64, i64, i64, i64, i64, i64, i64, i64, i64, i64, i64, i64, i64, i64, i64, i64, i64 } %mrv_15, i64 %p_int_y7, 17

ST_11: mrv_17 (253)  [1/1] 0.00ns  loc: astro.c:106
:18  %mrv_17 = insertvalue { i64, i64, i64, i64, i64, i64, i64, i64, i64, i64, i64, i64, i64, i64, i64, i64, i64, i64, i64, i64, i64, i64, i64, i64, i64, i64, i64 } %mrv_16, i64 %p_int_z, 18

ST_11: mrv_18 (254)  [1/1] 0.00ns  loc: astro.c:106
:19  %mrv_18 = insertvalue { i64, i64, i64, i64, i64, i64, i64, i64, i64, i64, i64, i64, i64, i64, i64, i64, i64, i64, i64, i64, i64, i64, i64, i64, i64, i64, i64 } %mrv_17, i64 %p_int_z1, 19

ST_11: mrv_19 (255)  [1/1] 0.00ns  loc: astro.c:106
:20  %mrv_19 = insertvalue { i64, i64, i64, i64, i64, i64, i64, i64, i64, i64, i64, i64, i64, i64, i64, i64, i64, i64, i64, i64, i64, i64, i64, i64, i64, i64, i64 } %mrv_18, i64 %p_int_z2, 20

ST_11: mrv_20 (256)  [1/1] 0.00ns  loc: astro.c:106
:21  %mrv_20 = insertvalue { i64, i64, i64, i64, i64, i64, i64, i64, i64, i64, i64, i64, i64, i64, i64, i64, i64, i64, i64, i64, i64, i64, i64, i64, i64, i64, i64 } %mrv_19, i64 %p_int_z3, 21

ST_11: mrv_21 (257)  [1/1] 0.00ns  loc: astro.c:106
:22  %mrv_21 = insertvalue { i64, i64, i64, i64, i64, i64, i64, i64, i64, i64, i64, i64, i64, i64, i64, i64, i64, i64, i64, i64, i64, i64, i64, i64, i64, i64, i64 } %mrv_20, i64 %p_int_z4, 22

ST_11: mrv_22 (258)  [1/1] 0.00ns  loc: astro.c:106
:23  %mrv_22 = insertvalue { i64, i64, i64, i64, i64, i64, i64, i64, i64, i64, i64, i64, i64, i64, i64, i64, i64, i64, i64, i64, i64, i64, i64, i64, i64, i64, i64 } %mrv_21, i64 %p_int_z5, 23

ST_11: mrv_23 (259)  [1/1] 0.00ns  loc: astro.c:106
:24  %mrv_23 = insertvalue { i64, i64, i64, i64, i64, i64, i64, i64, i64, i64, i64, i64, i64, i64, i64, i64, i64, i64, i64, i64, i64, i64, i64, i64, i64, i64, i64 } %mrv_22, i64 %p_int_z6, 24

ST_11: mrv_24 (260)  [1/1] 0.00ns  loc: astro.c:106
:25  %mrv_24 = insertvalue { i64, i64, i64, i64, i64, i64, i64, i64, i64, i64, i64, i64, i64, i64, i64, i64, i64, i64, i64, i64, i64, i64, i64, i64, i64, i64, i64 } %mrv_23, i64 %p_int_z7, 25

ST_11: mrv_25 (261)  [1/1] 0.00ns  loc: astro.c:106
:26  %mrv_25 = insertvalue { i64, i64, i64, i64, i64, i64, i64, i64, i64, i64, i64, i64, i64, i64, i64, i64, i64, i64, i64, i64, i64, i64, i64, i64, i64, i64, i64 } %mrv_24, i64 %p_int_z8, 26

ST_11: StgValue_261 (262)  [1/1] 0.00ns  loc: astro.c:106
:27  ret { i64, i64, i64, i64, i64, i64, i64, i64, i64, i64, i64, i64, i64, i64, i64, i64, i64, i64, i64, i64, i64, i64, i64, i64, i64, i64, i64 } %mrv_25



============================================================
+ Verbose Summary: Timing violations
============================================================
Target clock period: 10ns, clock uncertainty: 1.25ns.

 <State 1>: 0.605ns
The critical path consists of the following:
	wire read on port 'p_int_8_z_read' [82]  (0 ns)
	multiplexor before 'phi' operation ('p_int_x', astro.c:102) with incoming values : ('p_int[0].x') ('p_int_x_1', astro.c:102) [111]  (0.605 ns)

 <State 2>: 8.69ns
The critical path consists of the following:
	'phi' operation ('i', astro.c:94) with incoming values : ('i_3_2', astro.c:94) [138]  (0 ns)
	'icmp' operation ('sel_tmp', astro.c:102) [145]  (0.394 ns)
	'select' operation ('sel_tmp1', astro.c:102) [146]  (0 ns)
	'select' operation ('p_int_vx_load_0_phi', astro.c:102) [148]  (0.071 ns)
	'sitodp' operation ('tmp_13', astro.c:102) [149]  (8.22 ns)

 <State 3>: 8.68ns
The critical path consists of the following:
	'mux' operation ('p_int_vx_load_1_phi', astro.c:102) [177]  (0.46 ns)
	'sitodp' operation ('tmp_47_1', astro.c:102) [178]  (8.22 ns)

 <State 4>: 8.22ns
The critical path consists of the following:
	'sitodp' operation ('tmp_13', astro.c:102) [149]  (8.22 ns)

 <State 5>: 8.66ns
The critical path consists of the following:
	'dmul' operation ('tmp_14', astro.c:102) [150]  (8.66 ns)

 <State 6>: 8.66ns
The critical path consists of the following:
	'dmul' operation ('tmp_14', astro.c:102) [150]  (8.66 ns)

 <State 7>: 8.66ns
The critical path consists of the following:
	'dmul' operation ('tmp_14', astro.c:102) [150]  (8.66 ns)

 <State 8>: 8.66ns
The critical path consists of the following:
	'dmul' operation ('tmp_14', astro.c:102) [150]  (8.66 ns)

 <State 9>: 8.66ns
The critical path consists of the following:
	'dmul' operation ('tmp_48_1', astro.c:102) [179]  (8.66 ns)

 <State 10>: 5.87ns
The critical path consists of the following:
	'call' operation ('tmp_49_1', astro.c:102) to '__hls_fptosi_double_' [180]  (3.98 ns)
	'add' operation ('tmp_50_1', astro.c:102) [182]  (1.42 ns)
	'mux' operation ('p_int_x7_1', astro.c:102) [183]  (0.46 ns)

 <State 11>: 0ns
The critical path consists of the following:


============================================================
+ Verbose Summary: Binding
============================================================
N/A
* FSMD analyzer results:
  - Output states:
 - Input state : 
  - Chain level:
	State 1
	State 2
	State 3
	State 4
	State 5
	State 6
	State 7
	State 8
	State 9
	State 10
	State 11


============================================================
+ Verbose Summary: Datapath Resource usage 
============================================================
N/A
